[0.117s] DEBUG:colcon:Command line arguments: ['/usr/bin/colcon', 'build']
[0.117s] DEBUG:colcon:Parsed command line arguments: Namespace(log_base=None, log_level=None, verb_name='build', build_base='build', install_base='install', merge_install=False, symlink_install=False, test_result_base=None, continue_on_error=False, executor='parallel', parallel_workers=16, event_handlers=None, ignore_user_meta=False, metas=['./colcon.meta'], base_paths=['.'], packages_ignore=None, packages_ignore_regex=None, paths=None, packages_up_to=None, packages_up_to_regex=None, packages_above=None, packages_above_and_dependencies=None, packages_above_depth=None, packages_select_by_dep=None, packages_skip_by_dep=None, packages_skip_up_to=None, packages_select_build_failed=False, packages_skip_build_finished=False, packages_select_test_failures=False, packages_skip_test_passed=False, packages_select=None, packages_skip=None, packages_select_regex=None, packages_skip_regex=None, packages_start=None, packages_end=None, allow_overriding=[], cmake_args=None, cmake_target=None, cmake_target_skip_unavailable=False, cmake_clean_cache=False, cmake_clean_first=False, cmake_force_configure=False, ament_cmake_args=None, catkin_cmake_args=None, catkin_skip_building_tests=False, mixin_files=None, mixin=None, verb_parser=<colcon_mixin.mixin.mixin_argument.MixinArgumentDecorator object at 0x73058806e390>, verb_extension=<colcon_core.verb.build.BuildVerb object at 0x73058819a7b0>, main=<bound method BuildVerb.main of <colcon_core.verb.build.BuildVerb object at 0x73058819a7b0>>, mixin_verb=('build',))
[0.153s] Level 1:colcon.colcon_core.package_discovery:discover_packages(colcon_meta) check parameters
[0.154s] Level 1:colcon.colcon_core.package_discovery:discover_packages(recursive) check parameters
[0.154s] Level 1:colcon.colcon_core.package_discovery:discover_packages(ignore) check parameters
[0.154s] Level 1:colcon.colcon_core.package_discovery:discover_packages(path) check parameters
[0.154s] Level 1:colcon.colcon_core.package_discovery:discover_packages(colcon_meta) discover
[0.154s] Level 1:colcon.colcon_core.package_discovery:discover_packages(recursive) discover
[0.154s] INFO:colcon.colcon_core.package_discovery:Crawling recursively for packages in '/home/karthik/Ros2_ackermann_robot'
[0.154s] Level 1:colcon.colcon_core.package_identification:_identify(.) by extensions ['ignore', 'ignore_ament_install']
[0.154s] Level 1:colcon.colcon_core.package_identification:_identify(.) by extension 'ignore'
[0.154s] Level 1:colcon.colcon_core.package_identification:_identify(.) by extension 'ignore_ament_install'
[0.154s] Level 1:colcon.colcon_core.package_identification:_identify(.) by extensions ['colcon_pkg']
[0.154s] Level 1:colcon.colcon_core.package_identification:_identify(.) by extension 'colcon_pkg'
[0.154s] Level 1:colcon.colcon_core.package_identification:_identify(.) by extensions ['colcon_meta']
[0.154s] Level 1:colcon.colcon_core.package_identification:_identify(.) by extension 'colcon_meta'
[0.154s] Level 1:colcon.colcon_core.package_identification:_identify(.) by extensions ['ros']
[0.154s] Level 1:colcon.colcon_core.package_identification:_identify(.) by extension 'ros'
[0.179s] Level 1:colcon.colcon_core.package_identification:_identify(.) by extensions ['cmake', 'python']
[0.179s] Level 1:colcon.colcon_core.package_identification:_identify(.) by extension 'cmake'
[0.179s] Level 1:colcon.colcon_core.package_identification:_identify(.) by extension 'python'
[0.179s] Level 1:colcon.colcon_core.package_identification:_identify(.) by extensions ['python_setup_py']
[0.179s] Level 1:colcon.colcon_core.package_identification:_identify(.) by extension 'python_setup_py'
[0.179s] Level 1:colcon.colcon_core.package_identification:_identify(build) by extensions ['ignore', 'ignore_ament_install']
[0.179s] Level 1:colcon.colcon_core.package_identification:_identify(build) by extension 'ignore'
[0.179s] Level 1:colcon.colcon_core.package_identification:_identify(build) ignored
[0.180s] Level 1:colcon.colcon_core.package_identification:_identify(install) by extensions ['ignore', 'ignore_ament_install']
[0.180s] Level 1:colcon.colcon_core.package_identification:_identify(install) by extension 'ignore'
[0.180s] Level 1:colcon.colcon_core.package_identification:_identify(install) ignored
[0.180s] Level 1:colcon.colcon_core.package_identification:_identify(log) by extensions ['ignore', 'ignore_ament_install']
[0.180s] Level 1:colcon.colcon_core.package_identification:_identify(log) by extension 'ignore'
[0.180s] Level 1:colcon.colcon_core.package_identification:_identify(log) ignored
[0.180s] Level 1:colcon.colcon_core.package_identification:_identify(src) by extensions ['ignore', 'ignore_ament_install']
[0.180s] Level 1:colcon.colcon_core.package_identification:_identify(src) by extension 'ignore'
[0.180s] Level 1:colcon.colcon_core.package_identification:_identify(src) by extension 'ignore_ament_install'
[0.180s] Level 1:colcon.colcon_core.package_identification:_identify(src) by extensions ['colcon_pkg']
[0.180s] Level 1:colcon.colcon_core.package_identification:_identify(src) by extension 'colcon_pkg'
[0.180s] Level 1:colcon.colcon_core.package_identification:_identify(src) by extensions ['colcon_meta']
[0.180s] Level 1:colcon.colcon_core.package_identification:_identify(src) by extension 'colcon_meta'
[0.180s] Level 1:colcon.colcon_core.package_identification:_identify(src) by extensions ['ros']
[0.180s] Level 1:colcon.colcon_core.package_identification:_identify(src) by extension 'ros'
[0.180s] Level 1:colcon.colcon_core.package_identification:_identify(src) by extensions ['cmake', 'python']
[0.180s] Level 1:colcon.colcon_core.package_identification:_identify(src) by extension 'cmake'
[0.180s] Level 1:colcon.colcon_core.package_identification:_identify(src) by extension 'python'
[0.180s] Level 1:colcon.colcon_core.package_identification:_identify(src) by extensions ['python_setup_py']
[0.180s] Level 1:colcon.colcon_core.package_identification:_identify(src) by extension 'python_setup_py'
[0.180s] Level 1:colcon.colcon_core.package_identification:_identify(src/ackermann_gazebo) by extensions ['ignore', 'ignore_ament_install']
[0.180s] Level 1:colcon.colcon_core.package_identification:_identify(src/ackermann_gazebo) by extension 'ignore'
[0.180s] Level 1:colcon.colcon_core.package_identification:_identify(src/ackermann_gazebo) by extension 'ignore_ament_install'
[0.180s] Level 1:colcon.colcon_core.package_identification:_identify(src/ackermann_gazebo) by extensions ['colcon_pkg']
[0.180s] Level 1:colcon.colcon_core.package_identification:_identify(src/ackermann_gazebo) by extension 'colcon_pkg'
[0.180s] Level 1:colcon.colcon_core.package_identification:_identify(src/ackermann_gazebo) by extensions ['colcon_meta']
[0.180s] Level 1:colcon.colcon_core.package_identification:_identify(src/ackermann_gazebo) by extension 'colcon_meta'
[0.180s] Level 1:colcon.colcon_core.package_identification:_identify(src/ackermann_gazebo) by extensions ['ros']
[0.180s] Level 1:colcon.colcon_core.package_identification:_identify(src/ackermann_gazebo) by extension 'ros'
[0.183s] DEBUG:colcon.colcon_core.package_identification:Package 'src/ackermann_gazebo' with type 'ros.ament_cmake' and name 'ackermann_gazebo'
[0.183s] Level 1:colcon.colcon_core.package_discovery:discover_packages(recursive) using defaults
[0.183s] Level 1:colcon.colcon_core.package_discovery:discover_packages(ignore) discover
[0.183s] Level 1:colcon.colcon_core.package_discovery:discover_packages(ignore) using defaults
[0.183s] Level 1:colcon.colcon_core.package_discovery:discover_packages(path) discover
[0.183s] Level 1:colcon.colcon_core.package_discovery:discover_packages(path) using defaults
[0.198s] Level 1:colcon.colcon_core.package_discovery:discover_packages(prefix_path) check parameters
[0.199s] Level 1:colcon.colcon_core.package_discovery:discover_packages(prefix_path) discover
[0.200s] DEBUG:colcon.colcon_installed_package_information.package_discovery:Found 1 installed packages in /home/karthik/Ros2_ackermann_robot/install
[0.201s] DEBUG:colcon.colcon_installed_package_information.package_discovery:Found 7 installed packages in /home/karthik/ros_ws/install
[0.201s] DEBUG:colcon.colcon_installed_package_information.package_discovery:Found 4 installed packages in /home/karthik/ackermann_sim/src/install
[0.201s] DEBUG:colcon.colcon_installed_package_information.package_discovery:Found 3 installed packages in /home/karthik/ros_jazzy_ws/install
[0.201s] DEBUG:colcon.colcon_installed_package_information.package_discovery:Found 5 installed packages in /home/karthik/install
[0.203s] DEBUG:colcon.colcon_installed_package_information.package_discovery:Found 317 installed packages in /opt/ros/jazzy
[0.203s] Level 1:colcon.colcon_core.package_discovery:discover_packages(prefix_path) using defaults
[0.236s] Level 5:colcon.colcon_core.verb:set package 'ackermann_gazebo' build argument 'cmake_args' from command line to 'None'
[0.236s] Level 5:colcon.colcon_core.verb:set package 'ackermann_gazebo' build argument 'cmake_target' from command line to 'None'
[0.236s] Level 5:colcon.colcon_core.verb:set package 'ackermann_gazebo' build argument 'cmake_target_skip_unavailable' from command line to 'False'
[0.236s] Level 5:colcon.colcon_core.verb:set package 'ackermann_gazebo' build argument 'cmake_clean_cache' from command line to 'False'
[0.236s] Level 5:colcon.colcon_core.verb:set package 'ackermann_gazebo' build argument 'cmake_clean_first' from command line to 'False'
[0.236s] Level 5:colcon.colcon_core.verb:set package 'ackermann_gazebo' build argument 'cmake_force_configure' from command line to 'False'
[0.236s] Level 5:colcon.colcon_core.verb:set package 'ackermann_gazebo' build argument 'ament_cmake_args' from command line to 'None'
[0.236s] Level 5:colcon.colcon_core.verb:set package 'ackermann_gazebo' build argument 'catkin_cmake_args' from command line to 'None'
[0.236s] Level 5:colcon.colcon_core.verb:set package 'ackermann_gazebo' build argument 'catkin_skip_building_tests' from command line to 'False'
[0.236s] DEBUG:colcon.colcon_core.verb:Building package 'ackermann_gazebo' with the following arguments: {'ament_cmake_args': None, 'build_base': '/home/karthik/Ros2_ackermann_robot/build/ackermann_gazebo', 'catkin_cmake_args': None, 'catkin_skip_building_tests': False, 'cmake_args': None, 'cmake_clean_cache': False, 'cmake_clean_first': False, 'cmake_force_configure': False, 'cmake_target': None, 'cmake_target_skip_unavailable': False, 'install_base': '/home/karthik/Ros2_ackermann_robot/install/ackermann_gazebo', 'merge_install': False, 'path': '/home/karthik/Ros2_ackermann_robot/src/ackermann_gazebo', 'symlink_install': False, 'test_result_base': None}
[0.236s] INFO:colcon.colcon_core.executor:Executing jobs using 'parallel' executor
[0.237s] DEBUG:colcon.colcon_parallel_executor.executor.parallel:run_until_complete
[0.237s] INFO:colcon.colcon_ros.task.ament_cmake.build:Building ROS package in '/home/karthik/Ros2_ackermann_robot/src/ackermann_gazebo' with build type 'ament_cmake'
[0.237s] INFO:colcon.colcon_cmake.task.cmake.build:Building CMake package in '/home/karthik/Ros2_ackermann_robot/src/ackermann_gazebo'
[0.239s] INFO:colcon.colcon_core.plugin_system:Skipping extension 'colcon_core.shell.bat': Not used on non-Windows systems
[0.239s] INFO:colcon.colcon_core.shell:Skip shell extension 'powershell' for command environment: Not usable outside of PowerShell
[0.239s] DEBUG:colcon.colcon_core.shell:Skip shell extension 'dsv' for command environment
[0.249s] DEBUG:colcon.colcon_core.event_handler.log_command:Invoking command in '/home/karthik/Ros2_ackermann_robot/build/ackermann_gazebo': CMAKE_PREFIX_PATH=${CMAKE_PREFIX_PATH}:/home/karthik/ros_ws/install/ackermann_teleop:/home/karthik/ros_jazzy_ws/install/mogi_trajectory_server:/home/karthik/ros_jazzy_ws/install/bme_ros2_navigation_py:/opt/ros/jazzy /usr/bin/cmake --build /home/karthik/Ros2_ackermann_robot/build/ackermann_gazebo -- -j16 -l16
[0.337s] DEBUG:colcon.colcon_core.event_handler.log_command:Invoked command in '/home/karthik/Ros2_ackermann_robot/build/ackermann_gazebo' returned '0': CMAKE_PREFIX_PATH=${CMAKE_PREFIX_PATH}:/home/karthik/ros_ws/install/ackermann_teleop:/home/karthik/ros_jazzy_ws/install/mogi_trajectory_server:/home/karthik/ros_jazzy_ws/install/bme_ros2_navigation_py:/opt/ros/jazzy /usr/bin/cmake --build /home/karthik/Ros2_ackermann_robot/build/ackermann_gazebo -- -j16 -l16
[0.345s] DEBUG:colcon.colcon_core.event_handler.log_command:Invoking command in '/home/karthik/Ros2_ackermann_robot/build/ackermann_gazebo': CMAKE_PREFIX_PATH=${CMAKE_PREFIX_PATH}:/home/karthik/ros_ws/install/ackermann_teleop:/home/karthik/ros_jazzy_ws/install/mogi_trajectory_server:/home/karthik/ros_jazzy_ws/install/bme_ros2_navigation_py:/opt/ros/jazzy /usr/bin/cmake --install /home/karthik/Ros2_ackermann_robot/build/ackermann_gazebo
[0.355s] Level 1:colcon.colcon_core.environment:create_environment_scripts_only(ackermann_gazebo)
[0.356s] DEBUG:colcon.colcon_core.event_handler.log_command:Invoked command in '/home/karthik/Ros2_ackermann_robot/build/ackermann_gazebo' returned '0': CMAKE_PREFIX_PATH=${CMAKE_PREFIX_PATH}:/home/karthik/ros_ws/install/ackermann_teleop:/home/karthik/ros_jazzy_ws/install/mogi_trajectory_server:/home/karthik/ros_jazzy_ws/install/bme_ros2_navigation_py:/opt/ros/jazzy /usr/bin/cmake --install /home/karthik/Ros2_ackermann_robot/build/ackermann_gazebo
[0.357s] Level 1:colcon.colcon_core.environment:checking '/home/karthik/Ros2_ackermann_robot/install/ackermann_gazebo' for CMake module files
[0.358s] Level 1:colcon.colcon_core.environment:checking '/home/karthik/Ros2_ackermann_robot/install/ackermann_gazebo' for CMake config files
[0.358s] Level 1:colcon.colcon_core.shell:create_environment_hook('ackermann_gazebo', 'cmake_prefix_path')
[0.358s] INFO:colcon.colcon_core.shell:Creating environment hook '/home/karthik/Ros2_ackermann_robot/install/ackermann_gazebo/share/ackermann_gazebo/hook/cmake_prefix_path.ps1'
[0.358s] INFO:colcon.colcon_core.shell:Creating environment descriptor '/home/karthik/Ros2_ackermann_robot/install/ackermann_gazebo/share/ackermann_gazebo/hook/cmake_prefix_path.dsv'
[0.359s] INFO:colcon.colcon_core.shell:Creating environment hook '/home/karthik/Ros2_ackermann_robot/install/ackermann_gazebo/share/ackermann_gazebo/hook/cmake_prefix_path.sh'
[0.359s] Level 1:colcon.colcon_core.environment:checking '/home/karthik/Ros2_ackermann_robot/install/ackermann_gazebo/bin'
[0.359s] Level 1:colcon.colcon_core.environment:checking '/home/karthik/Ros2_ackermann_robot/install/ackermann_gazebo/lib/pkgconfig/ackermann_gazebo.pc'
[0.359s] Level 1:colcon.colcon_core.environment:checking '/home/karthik/Ros2_ackermann_robot/install/ackermann_gazebo/lib/python3.12/site-packages'
[0.360s] Level 1:colcon.colcon_core.environment:checking '/home/karthik/Ros2_ackermann_robot/install/ackermann_gazebo/bin'
[0.360s] INFO:colcon.colcon_core.shell:Creating package script '/home/karthik/Ros2_ackermann_robot/install/ackermann_gazebo/share/ackermann_gazebo/package.ps1'
[0.360s] INFO:colcon.colcon_core.shell:Creating package descriptor '/home/karthik/Ros2_ackermann_robot/install/ackermann_gazebo/share/ackermann_gazebo/package.dsv'
[0.361s] INFO:colcon.colcon_core.shell:Creating package script '/home/karthik/Ros2_ackermann_robot/install/ackermann_gazebo/share/ackermann_gazebo/package.sh'
[0.361s] INFO:colcon.colcon_core.shell:Creating package script '/home/karthik/Ros2_ackermann_robot/install/ackermann_gazebo/share/ackermann_gazebo/package.bash'
[0.361s] INFO:colcon.colcon_core.shell:Creating package script '/home/karthik/Ros2_ackermann_robot/install/ackermann_gazebo/share/ackermann_gazebo/package.zsh'
[0.362s] Level 1:colcon.colcon_core.environment:create_file_with_runtime_dependencies(/home/karthik/Ros2_ackermann_robot/install/ackermann_gazebo/share/colcon-core/packages/ackermann_gazebo)
[0.362s] Level 1:colcon.colcon_core.environment:create_environment_scripts_only(ackermann_gazebo)
[0.363s] Level 1:colcon.colcon_core.environment:checking '/home/karthik/Ros2_ackermann_robot/install/ackermann_gazebo' for CMake module files
[0.363s] Level 1:colcon.colcon_core.environment:checking '/home/karthik/Ros2_ackermann_robot/install/ackermann_gazebo' for CMake config files
[0.363s] Level 1:colcon.colcon_core.shell:create_environment_hook('ackermann_gazebo', 'cmake_prefix_path')
[0.363s] INFO:colcon.colcon_core.shell:Creating environment hook '/home/karthik/Ros2_ackermann_robot/install/ackermann_gazebo/share/ackermann_gazebo/hook/cmake_prefix_path.ps1'
[0.363s] INFO:colcon.colcon_core.shell:Creating environment descriptor '/home/karthik/Ros2_ackermann_robot/install/ackermann_gazebo/share/ackermann_gazebo/hook/cmake_prefix_path.dsv'
[0.364s] INFO:colcon.colcon_core.shell:Creating environment hook '/home/karthik/Ros2_ackermann_robot/install/ackermann_gazebo/share/ackermann_gazebo/hook/cmake_prefix_path.sh'
[0.364s] Level 1:colcon.colcon_core.environment:checking '/home/karthik/Ros2_ackermann_robot/install/ackermann_gazebo/bin'
[0.364s] Level 1:colcon.colcon_core.environment:checking '/home/karthik/Ros2_ackermann_robot/install/ackermann_gazebo/lib/pkgconfig/ackermann_gazebo.pc'
[0.364s] Level 1:colcon.colcon_core.environment:checking '/home/karthik/Ros2_ackermann_robot/install/ackermann_gazebo/lib/python3.12/site-packages'
[0.364s] Level 1:colcon.colcon_core.environment:checking '/home/karthik/Ros2_ackermann_robot/install/ackermann_gazebo/bin'
[0.364s] INFO:colcon.colcon_core.shell:Creating package script '/home/karthik/Ros2_ackermann_robot/install/ackermann_gazebo/share/ackermann_gazebo/package.ps1'
[0.365s] INFO:colcon.colcon_core.shell:Creating package descriptor '/home/karthik/Ros2_ackermann_robot/install/ackermann_gazebo/share/ackermann_gazebo/package.dsv'
[0.365s] INFO:colcon.colcon_core.shell:Creating package script '/home/karthik/Ros2_ackermann_robot/install/ackermann_gazebo/share/ackermann_gazebo/package.sh'
[0.365s] INFO:colcon.colcon_core.shell:Creating package script '/home/karthik/Ros2_ackermann_robot/install/ackermann_gazebo/share/ackermann_gazebo/package.bash'
[0.366s] INFO:colcon.colcon_core.shell:Creating package script '/home/karthik/Ros2_ackermann_robot/install/ackermann_gazebo/share/ackermann_gazebo/package.zsh'
[0.366s] Level 1:colcon.colcon_core.environment:create_file_with_runtime_dependencies(/home/karthik/Ros2_ackermann_robot/install/ackermann_gazebo/share/colcon-core/packages/ackermann_gazebo)
[0.366s] DEBUG:colcon.colcon_parallel_executor.executor.parallel:closing loop
[0.367s] DEBUG:colcon.colcon_parallel_executor.executor.parallel:loop closed
[0.367s] DEBUG:colcon.colcon_parallel_executor.executor.parallel:run_until_complete finished with '0'
[0.367s] DEBUG:colcon.colcon_core.event_reactor:joining thread
[0.392s] INFO:colcon.colcon_core.plugin_system:Skipping extension 'colcon_notification.desktop_notification.notify_send': Could not find 'notify-send'
[0.393s] INFO:colcon.colcon_core.plugin_system:Skipping extension 'colcon_notification.desktop_notification.terminal_notifier': Not used on non-Darwin systems
[0.393s] INFO:colcon.colcon_core.plugin_system:Skipping extension 'colcon_notification.desktop_notification.win32': Not used on non-Windows systems
[0.393s] INFO:colcon.colcon_notification.desktop_notification:Sending desktop notification using 'notify2'
[0.393s] DEBUG:colcon.colcon_notification.desktop_notification.notify2:Failed to initialize notify2: org.freedesktop.DBus.Error.ServiceUnknown: The name org.freedesktop.Notifications was not provided by any .service files
[0.394s] DEBUG:colcon.colcon_core.event_reactor:joined thread
[0.394s] INFO:colcon.colcon_core.shell:Creating prefix script '/home/karthik/Ros2_ackermann_robot/install/local_setup.ps1'
[0.395s] INFO:colcon.colcon_core.shell:Creating prefix util module '/home/karthik/Ros2_ackermann_robot/install/_local_setup_util_ps1.py'
[0.395s] INFO:colcon.colcon_core.shell:Creating prefix chain script '/home/karthik/Ros2_ackermann_robot/install/setup.ps1'
[0.396s] INFO:colcon.colcon_core.shell:Creating prefix script '/home/karthik/Ros2_ackermann_robot/install/local_setup.sh'
[0.397s] INFO:colcon.colcon_core.shell:Creating prefix util module '/home/karthik/Ros2_ackermann_robot/install/_local_setup_util_sh.py'
[0.397s] INFO:colcon.colcon_core.shell:Creating prefix chain script '/home/karthik/Ros2_ackermann_robot/install/setup.sh'
[0.398s] INFO:colcon.colcon_core.shell:Creating prefix script '/home/karthik/Ros2_ackermann_robot/install/local_setup.bash'
[0.399s] INFO:colcon.colcon_core.shell:Creating prefix chain script '/home/karthik/Ros2_ackermann_robot/install/setup.bash'
[0.399s] INFO:colcon.colcon_core.shell:Creating prefix script '/home/karthik/Ros2_ackermann_robot/install/local_setup.zsh'
[0.400s] INFO:colcon.colcon_core.shell:Creating prefix chain script '/home/karthik/Ros2_ackermann_robot/install/setup.zsh'
