[0.352s] DEBUG:colcon:Command line arguments: ['/usr/bin/colcon', 'build', '--symlink-install']
[0.353s] DEBUG:colcon:Parsed command line arguments: Namespace(log_base=None, log_level=None, verb_name='build', build_base='build', install_base='install', merge_install=False, symlink_install=True, test_result_base=None, continue_on_error=False, executor='parallel', parallel_workers=16, event_handlers=None, ignore_user_meta=False, metas=['./colcon.meta'], base_paths=['.'], packages_ignore=None, packages_ignore_regex=None, paths=None, packages_up_to=None, packages_up_to_regex=None, packages_above=None, packages_above_and_dependencies=None, packages_above_depth=None, packages_select_by_dep=None, packages_skip_by_dep=None, packages_skip_up_to=None, packages_select_build_failed=False, packages_skip_build_finished=False, packages_select_test_failures=False, packages_skip_test_passed=False, packages_select=None, packages_skip=None, packages_select_regex=None, packages_skip_regex=None, packages_start=None, packages_end=None, allow_overriding=[], cmake_args=None, cmake_target=None, cmake_target_skip_unavailable=False, cmake_clean_cache=False, cmake_clean_first=False, cmake_force_configure=False, ament_cmake_args=None, catkin_cmake_args=None, catkin_skip_building_tests=False, mixin_files=None, mixin=None, verb_parser=<colcon_mixin.mixin.mixin_argument.MixinArgumentDecorator object at 0x754698e65e20>, verb_extension=<colcon_core.verb.build.BuildVerb object at 0x754698fb9d90>, main=<bound method BuildVerb.main of <colcon_core.verb.build.BuildVerb object at 0x754698fb9d90>>, mixin_verb=('build',))
[0.393s] Level 1:colcon.colcon_core.package_discovery:discover_packages(colcon_meta) check parameters
[0.394s] Level 1:colcon.colcon_core.package_discovery:discover_packages(recursive) check parameters
[0.394s] Level 1:colcon.colcon_core.package_discovery:discover_packages(ignore) check parameters
[0.394s] Level 1:colcon.colcon_core.package_discovery:discover_packages(path) check parameters
[0.394s] Level 1:colcon.colcon_core.package_discovery:discover_packages(colcon_meta) discover
[0.394s] Level 1:colcon.colcon_core.package_discovery:discover_packages(recursive) discover
[0.394s] INFO:colcon.colcon_core.package_discovery:Crawling recursively for packages in '/home/karthik/Ros2_ackermann_robot'
[0.394s] Level 1:colcon.colcon_core.package_identification:_identify(.) by extensions ['ignore', 'ignore_ament_install']
[0.394s] Level 1:colcon.colcon_core.package_identification:_identify(.) by extension 'ignore'
[0.394s] Level 1:colcon.colcon_core.package_identification:_identify(.) by extension 'ignore_ament_install'
[0.395s] Level 1:colcon.colcon_core.package_identification:_identify(.) by extensions ['colcon_pkg']
[0.395s] Level 1:colcon.colcon_core.package_identification:_identify(.) by extension 'colcon_pkg'
[0.395s] Level 1:colcon.colcon_core.package_identification:_identify(.) by extensions ['colcon_meta']
[0.395s] Level 1:colcon.colcon_core.package_identification:_identify(.) by extension 'colcon_meta'
[0.395s] Level 1:colcon.colcon_core.package_identification:_identify(.) by extensions ['ros']
[0.395s] Level 1:colcon.colcon_core.package_identification:_identify(.) by extension 'ros'
[0.454s] Level 1:colcon.colcon_core.package_identification:_identify(.) by extensions ['cmake', 'python']
[0.455s] Level 1:colcon.colcon_core.package_identification:_identify(.) by extension 'cmake'
[0.455s] Level 1:colcon.colcon_core.package_identification:_identify(.) by extension 'python'
[0.455s] Level 1:colcon.colcon_core.package_identification:_identify(.) by extensions ['python_setup_py']
[0.455s] Level 1:colcon.colcon_core.package_identification:_identify(.) by extension 'python_setup_py'
[0.457s] Level 1:colcon.colcon_core.package_identification:_identify(build) by extensions ['ignore', 'ignore_ament_install']
[0.457s] Level 1:colcon.colcon_core.package_identification:_identify(build) by extension 'ignore'
[0.457s] Level 1:colcon.colcon_core.package_identification:_identify(build) ignored
[0.458s] Level 1:colcon.colcon_core.package_identification:_identify(install) by extensions ['ignore', 'ignore_ament_install']
[0.458s] Level 1:colcon.colcon_core.package_identification:_identify(install) by extension 'ignore'
[0.458s] Level 1:colcon.colcon_core.package_identification:_identify(install) ignored
[0.458s] Level 1:colcon.colcon_core.package_identification:_identify(log) by extensions ['ignore', 'ignore_ament_install']
[0.458s] Level 1:colcon.colcon_core.package_identification:_identify(log) by extension 'ignore'
[0.458s] Level 1:colcon.colcon_core.package_identification:_identify(log) ignored
[0.459s] Level 1:colcon.colcon_core.package_identification:_identify(src) by extensions ['ignore', 'ignore_ament_install']
[0.459s] Level 1:colcon.colcon_core.package_identification:_identify(src) by extension 'ignore'
[0.459s] Level 1:colcon.colcon_core.package_identification:_identify(src) by extension 'ignore_ament_install'
[0.459s] Level 1:colcon.colcon_core.package_identification:_identify(src) by extensions ['colcon_pkg']
[0.459s] Level 1:colcon.colcon_core.package_identification:_identify(src) by extension 'colcon_pkg'
[0.459s] Level 1:colcon.colcon_core.package_identification:_identify(src) by extensions ['colcon_meta']
[0.459s] Level 1:colcon.colcon_core.package_identification:_identify(src) by extension 'colcon_meta'
[0.459s] Level 1:colcon.colcon_core.package_identification:_identify(src) by extensions ['ros']
[0.459s] Level 1:colcon.colcon_core.package_identification:_identify(src) by extension 'ros'
[0.459s] Level 1:colcon.colcon_core.package_identification:_identify(src) by extensions ['cmake', 'python']
[0.459s] Level 1:colcon.colcon_core.package_identification:_identify(src) by extension 'cmake'
[0.459s] Level 1:colcon.colcon_core.package_identification:_identify(src) by extension 'python'
[0.459s] Level 1:colcon.colcon_core.package_identification:_identify(src) by extensions ['python_setup_py']
[0.459s] Level 1:colcon.colcon_core.package_identification:_identify(src) by extension 'python_setup_py'
[0.459s] Level 1:colcon.colcon_core.package_identification:_identify(src/ackermann_gazebo) by extensions ['ignore', 'ignore_ament_install']
[0.459s] Level 1:colcon.colcon_core.package_identification:_identify(src/ackermann_gazebo) by extension 'ignore'
[0.459s] Level 1:colcon.colcon_core.package_identification:_identify(src/ackermann_gazebo) by extension 'ignore_ament_install'
[0.459s] Level 1:colcon.colcon_core.package_identification:_identify(src/ackermann_gazebo) by extensions ['colcon_pkg']
[0.460s] Level 1:colcon.colcon_core.package_identification:_identify(src/ackermann_gazebo) by extension 'colcon_pkg'
[0.460s] Level 1:colcon.colcon_core.package_identification:_identify(src/ackermann_gazebo) by extensions ['colcon_meta']
[0.460s] Level 1:colcon.colcon_core.package_identification:_identify(src/ackermann_gazebo) by extension 'colcon_meta'
[0.460s] Level 1:colcon.colcon_core.package_identification:_identify(src/ackermann_gazebo) by extensions ['ros']
[0.460s] Level 1:colcon.colcon_core.package_identification:_identify(src/ackermann_gazebo) by extension 'ros'
[0.463s] DEBUG:colcon.colcon_core.package_identification:Package 'src/ackermann_gazebo' with type 'ros.ament_cmake' and name 'ackermann_gazebo'
[0.463s] Level 1:colcon.colcon_core.package_discovery:discover_packages(recursive) using defaults
[0.463s] Level 1:colcon.colcon_core.package_discovery:discover_packages(ignore) discover
[0.463s] Level 1:colcon.colcon_core.package_discovery:discover_packages(ignore) using defaults
[0.463s] Level 1:colcon.colcon_core.package_discovery:discover_packages(path) discover
[0.463s] Level 1:colcon.colcon_core.package_discovery:discover_packages(path) using defaults
[0.482s] Level 1:colcon.colcon_core.package_discovery:discover_packages(prefix_path) check parameters
[0.483s] Level 1:colcon.colcon_core.package_discovery:discover_packages(prefix_path) discover
[0.485s] DEBUG:colcon.colcon_installed_package_information.package_discovery:Found 1 installed packages in /home/karthik/Ros2_ackermann_robot/install
[0.494s] DEBUG:colcon.colcon_installed_package_information.package_discovery:Found 388 installed packages in /opt/ros/jazzy
[0.501s] Level 1:colcon.colcon_core.package_discovery:discover_packages(prefix_path) using defaults
[0.768s] Level 5:colcon.colcon_core.verb:set package 'ackermann_gazebo' build argument 'cmake_args' from command line to 'None'
[0.768s] Level 5:colcon.colcon_core.verb:set package 'ackermann_gazebo' build argument 'cmake_target' from command line to 'None'
[0.768s] Level 5:colcon.colcon_core.verb:set package 'ackermann_gazebo' build argument 'cmake_target_skip_unavailable' from command line to 'False'
[0.768s] Level 5:colcon.colcon_core.verb:set package 'ackermann_gazebo' build argument 'cmake_clean_cache' from command line to 'False'
[0.768s] Level 5:colcon.colcon_core.verb:set package 'ackermann_gazebo' build argument 'cmake_clean_first' from command line to 'False'
[0.768s] Level 5:colcon.colcon_core.verb:set package 'ackermann_gazebo' build argument 'cmake_force_configure' from command line to 'False'
[0.768s] Level 5:colcon.colcon_core.verb:set package 'ackermann_gazebo' build argument 'ament_cmake_args' from command line to 'None'
[0.768s] Level 5:colcon.colcon_core.verb:set package 'ackermann_gazebo' build argument 'catkin_cmake_args' from command line to 'None'
[0.768s] Level 5:colcon.colcon_core.verb:set package 'ackermann_gazebo' build argument 'catkin_skip_building_tests' from command line to 'False'
[0.768s] DEBUG:colcon.colcon_core.verb:Building package 'ackermann_gazebo' with the following arguments: {'ament_cmake_args': None, 'build_base': '/home/karthik/Ros2_ackermann_robot/build/ackermann_gazebo', 'catkin_cmake_args': None, 'catkin_skip_building_tests': False, 'cmake_args': None, 'cmake_clean_cache': False, 'cmake_clean_first': False, 'cmake_force_configure': False, 'cmake_target': None, 'cmake_target_skip_unavailable': False, 'install_base': '/home/karthik/Ros2_ackermann_robot/install/ackermann_gazebo', 'merge_install': False, 'path': '/home/karthik/Ros2_ackermann_robot/src/ackermann_gazebo', 'symlink_install': True, 'test_result_base': None}
[0.768s] INFO:colcon.colcon_core.executor:Executing jobs using 'parallel' executor
[0.770s] DEBUG:colcon.colcon_parallel_executor.executor.parallel:run_until_complete
[0.770s] INFO:colcon.colcon_ros.task.ament_cmake.build:Building ROS package in '/home/karthik/Ros2_ackermann_robot/src/ackermann_gazebo' with build type 'ament_cmake'
[0.770s] INFO:colcon.colcon_cmake.task.cmake.build:Building CMake package in '/home/karthik/Ros2_ackermann_robot/src/ackermann_gazebo'
[0.774s] INFO:colcon.colcon_core.plugin_system:Skipping extension 'colcon_core.shell.bat': Not used on non-Windows systems
[0.774s] INFO:colcon.colcon_core.shell:Skip shell extension 'powershell' for command environment: Not usable outside of PowerShell
[0.774s] DEBUG:colcon.colcon_core.shell:Skip shell extension 'dsv' for command environment
[0.786s] DEBUG:colcon.colcon_core.event_handler.log_command:Invoking command in '/home/karthik/Ros2_ackermann_robot/build/ackermann_gazebo': CMAKE_PREFIX_PATH=${CMAKE_PREFIX_PATH}:/opt/ros/jazzy /usr/bin/cmake --build /home/karthik/Ros2_ackermann_robot/build/ackermann_gazebo -- -j16 -l16
[0.946s] DEBUG:colcon.colcon_core.event_handler.log_command:Invoked command in '/home/karthik/Ros2_ackermann_robot/build/ackermann_gazebo' returned '0': CMAKE_PREFIX_PATH=${CMAKE_PREFIX_PATH}:/opt/ros/jazzy /usr/bin/cmake --build /home/karthik/Ros2_ackermann_robot/build/ackermann_gazebo -- -j16 -l16
[0.968s] DEBUG:colcon.colcon_core.event_handler.log_command:Invoking command in '/home/karthik/Ros2_ackermann_robot/build/ackermann_gazebo': CMAKE_PREFIX_PATH=${CMAKE_PREFIX_PATH}:/opt/ros/jazzy /usr/bin/cmake --install /home/karthik/Ros2_ackermann_robot/build/ackermann_gazebo
[1.011s] Level 1:colcon.colcon_core.environment:create_environment_scripts_only(ackermann_gazebo)
[1.013s] Level 1:colcon.colcon_core.environment:checking '/home/karthik/Ros2_ackermann_robot/install/ackermann_gazebo' for CMake module files
[1.014s] DEBUG:colcon.colcon_core.event_handler.log_command:Invoked command in '/home/karthik/Ros2_ackermann_robot/build/ackermann_gazebo' returned '0': CMAKE_PREFIX_PATH=${CMAKE_PREFIX_PATH}:/opt/ros/jazzy /usr/bin/cmake --install /home/karthik/Ros2_ackermann_robot/build/ackermann_gazebo
[1.015s] Level 1:colcon.colcon_core.environment:checking '/home/karthik/Ros2_ackermann_robot/install/ackermann_gazebo' for CMake config files
[1.015s] Level 1:colcon.colcon_core.shell:create_environment_hook('ackermann_gazebo', 'cmake_prefix_path')
[1.015s] INFO:colcon.colcon_core.shell:Creating environment hook '/home/karthik/Ros2_ackermann_robot/install/ackermann_gazebo/share/ackermann_gazebo/hook/cmake_prefix_path.ps1'
[1.016s] INFO:colcon.colcon_core.shell:Creating environment descriptor '/home/karthik/Ros2_ackermann_robot/install/ackermann_gazebo/share/ackermann_gazebo/hook/cmake_prefix_path.dsv'
[1.016s] INFO:colcon.colcon_core.shell:Creating environment hook '/home/karthik/Ros2_ackermann_robot/install/ackermann_gazebo/share/ackermann_gazebo/hook/cmake_prefix_path.sh'
[1.018s] Level 1:colcon.colcon_core.environment:checking '/home/karthik/Ros2_ackermann_robot/install/ackermann_gazebo/bin'
[1.018s] Level 1:colcon.colcon_core.environment:checking '/home/karthik/Ros2_ackermann_robot/install/ackermann_gazebo/lib/pkgconfig/ackermann_gazebo.pc'
[1.018s] Level 1:colcon.colcon_core.environment:checking '/home/karthik/Ros2_ackermann_robot/install/ackermann_gazebo/lib/python3.12/site-packages'
[1.018s] Level 1:colcon.colcon_core.environment:checking '/home/karthik/Ros2_ackermann_robot/install/ackermann_gazebo/bin'
[1.018s] INFO:colcon.colcon_core.shell:Creating package script '/home/karthik/Ros2_ackermann_robot/install/ackermann_gazebo/share/ackermann_gazebo/package.ps1'
[1.019s] INFO:colcon.colcon_core.shell:Creating package descriptor '/home/karthik/Ros2_ackermann_robot/install/ackermann_gazebo/share/ackermann_gazebo/package.dsv'
[1.020s] INFO:colcon.colcon_core.shell:Creating package script '/home/karthik/Ros2_ackermann_robot/install/ackermann_gazebo/share/ackermann_gazebo/package.sh'
[1.021s] INFO:colcon.colcon_core.shell:Creating package script '/home/karthik/Ros2_ackermann_robot/install/ackermann_gazebo/share/ackermann_gazebo/package.bash'
[1.022s] INFO:colcon.colcon_core.shell:Creating package script '/home/karthik/Ros2_ackermann_robot/install/ackermann_gazebo/share/ackermann_gazebo/package.zsh'
[1.023s] Level 1:colcon.colcon_core.environment:create_file_with_runtime_dependencies(/home/karthik/Ros2_ackermann_robot/install/ackermann_gazebo/share/colcon-core/packages/ackermann_gazebo)
[1.024s] Level 1:colcon.colcon_core.environment:create_environment_scripts_only(ackermann_gazebo)
[1.024s] Level 1:colcon.colcon_core.environment:checking '/home/karthik/Ros2_ackermann_robot/install/ackermann_gazebo' for CMake module files
[1.025s] Level 1:colcon.colcon_core.environment:checking '/home/karthik/Ros2_ackermann_robot/install/ackermann_gazebo' for CMake config files
[1.025s] Level 1:colcon.colcon_core.shell:create_environment_hook('ackermann_gazebo', 'cmake_prefix_path')
[1.025s] INFO:colcon.colcon_core.shell:Creating environment hook '/home/karthik/Ros2_ackermann_robot/install/ackermann_gazebo/share/ackermann_gazebo/hook/cmake_prefix_path.ps1'
[1.026s] INFO:colcon.colcon_core.shell:Creating environment descriptor '/home/karthik/Ros2_ackermann_robot/install/ackermann_gazebo/share/ackermann_gazebo/hook/cmake_prefix_path.dsv'
[1.026s] INFO:colcon.colcon_core.shell:Creating environment hook '/home/karthik/Ros2_ackermann_robot/install/ackermann_gazebo/share/ackermann_gazebo/hook/cmake_prefix_path.sh'
[1.027s] Level 1:colcon.colcon_core.environment:checking '/home/karthik/Ros2_ackermann_robot/install/ackermann_gazebo/bin'
[1.027s] Level 1:colcon.colcon_core.environment:checking '/home/karthik/Ros2_ackermann_robot/install/ackermann_gazebo/lib/pkgconfig/ackermann_gazebo.pc'
[1.027s] Level 1:colcon.colcon_core.environment:checking '/home/karthik/Ros2_ackermann_robot/install/ackermann_gazebo/lib/python3.12/site-packages'
[1.028s] Level 1:colcon.colcon_core.environment:checking '/home/karthik/Ros2_ackermann_robot/install/ackermann_gazebo/bin'
[1.028s] INFO:colcon.colcon_core.shell:Creating package script '/home/karthik/Ros2_ackermann_robot/install/ackermann_gazebo/share/ackermann_gazebo/package.ps1'
[1.028s] INFO:colcon.colcon_core.shell:Creating package descriptor '/home/karthik/Ros2_ackermann_robot/install/ackermann_gazebo/share/ackermann_gazebo/package.dsv'
[1.029s] INFO:colcon.colcon_core.shell:Creating package script '/home/karthik/Ros2_ackermann_robot/install/ackermann_gazebo/share/ackermann_gazebo/package.sh'
[1.029s] INFO:colcon.colcon_core.shell:Creating package script '/home/karthik/Ros2_ackermann_robot/install/ackermann_gazebo/share/ackermann_gazebo/package.bash'
[1.030s] INFO:colcon.colcon_core.shell:Creating package script '/home/karthik/Ros2_ackermann_robot/install/ackermann_gazebo/share/ackermann_gazebo/package.zsh'
[1.030s] Level 1:colcon.colcon_core.environment:create_file_with_runtime_dependencies(/home/karthik/Ros2_ackermann_robot/install/ackermann_gazebo/share/colcon-core/packages/ackermann_gazebo)
[1.031s] DEBUG:colcon.colcon_parallel_executor.executor.parallel:closing loop
[1.032s] DEBUG:colcon.colcon_parallel_executor.executor.parallel:loop closed
[1.032s] DEBUG:colcon.colcon_parallel_executor.executor.parallel:run_until_complete finished with '0'
[1.032s] DEBUG:colcon.colcon_core.event_reactor:joining thread
[1.089s] INFO:colcon.colcon_core.plugin_system:Skipping extension 'colcon_notification.desktop_notification.notify_send': Could not find 'notify-send'
[1.090s] INFO:colcon.colcon_core.plugin_system:Skipping extension 'colcon_notification.desktop_notification.terminal_notifier': Not used on non-Darwin systems
[1.090s] INFO:colcon.colcon_core.plugin_system:Skipping extension 'colcon_notification.desktop_notification.win32': Not used on non-Windows systems
[1.090s] INFO:colcon.colcon_notification.desktop_notification:Sending desktop notification using 'notify2'
[1.093s] DEBUG:colcon.colcon_notification.desktop_notification.notify2:Failed to initialize notify2: org.freedesktop.DBus.Error.ServiceUnknown: The name org.freedesktop.Notifications was not provided by any .service files
[1.093s] DEBUG:colcon.colcon_core.event_reactor:joined thread
[1.093s] INFO:colcon.colcon_core.shell:Creating prefix script '/home/karthik/Ros2_ackermann_robot/install/local_setup.ps1'
[1.095s] INFO:colcon.colcon_core.shell:Creating prefix util module '/home/karthik/Ros2_ackermann_robot/install/_local_setup_util_ps1.py'
[1.096s] INFO:colcon.colcon_core.shell:Creating prefix chain script '/home/karthik/Ros2_ackermann_robot/install/setup.ps1'
[1.098s] INFO:colcon.colcon_core.shell:Creating prefix script '/home/karthik/Ros2_ackermann_robot/install/local_setup.sh'
[1.098s] INFO:colcon.colcon_core.shell:Creating prefix util module '/home/karthik/Ros2_ackermann_robot/install/_local_setup_util_sh.py'
[1.099s] INFO:colcon.colcon_core.shell:Creating prefix chain script '/home/karthik/Ros2_ackermann_robot/install/setup.sh'
[1.101s] INFO:colcon.colcon_core.shell:Creating prefix script '/home/karthik/Ros2_ackermann_robot/install/local_setup.bash'
[1.101s] INFO:colcon.colcon_core.shell:Creating prefix chain script '/home/karthik/Ros2_ackermann_robot/install/setup.bash'
[1.102s] INFO:colcon.colcon_core.shell:Creating prefix script '/home/karthik/Ros2_ackermann_robot/install/local_setup.zsh'
[1.103s] INFO:colcon.colcon_core.shell:Creating prefix chain script '/home/karthik/Ros2_ackermann_robot/install/setup.zsh'
