-- Install configuration: ""
-- Up-to-date: /home/karthik/Ros2_ackermann_robot/install/ackermann_gazebo/share/ackermann_gazebo/launch
-- Up-to-date: /home/karthik/Ros2_ackermann_robot/install/ackermann_gazebo/share/ackermann_gazebo/launch/robot.launch.py
-- Up-to-date: /home/karthik/Ros2_ackermann_robot/install/ackermann_gazebo/share/ackermann_gazebo/urdf
-- Up-to-date: /home/karthik/Ros2_ackermann_robot/install/ackermann_gazebo/share/ackermann_gazebo/urdf/gz_ackermann_core.xacro
-- Up-to-date: /home/karthik/Ros2_ackermann_robot/install/ackermann_gazebo/share/ackermann_gazebo/urdf/bot.xacro
-- Installing: /home/karthik/Ros2_ackermann_robot/install/ackermann_gazebo/share/ackermann_gazebo/urdf/bot_sample.xacro
-- Up-to-date: /home/karthik/Ros2_ackermann_robot/install/ackermann_gazebo/share/ackermann_gazebo/urdf/vehicle.urdf.xacro
-- Up-to-date: /home/karthik/Ros2_ackermann_robot/install/ackermann_gazebo/share/ackermann_gazebo/config
-- Up-to-date: /home/karthik/Ros2_ackermann_robot/install/ackermann_gazebo/share/ackermann_gazebo/config/ros_gz_bridge.yaml
-- Up-to-date: /home/karthik/Ros2_ackermann_robot/install/ackermann_gazebo/share/ackermann_gazebo/config/robot_params.yaml
-- Up-to-date: /home/karthik/Ros2_ackermann_robot/install/ackermann_gazebo/share/ament_index/resource_index/package_run_dependencies/ackermann_gazebo
-- Up-to-date: /home/karthik/Ros2_ackermann_robot/install/ackermann_gazebo/share/ament_index/resource_index/parent_prefix_path/ackermann_gazebo
-- Up-to-date: /home/karthik/Ros2_ackermann_robot/install/ackermann_gazebo/share/ackermann_gazebo/environment/ament_prefix_path.sh
-- Up-to-date: /home/karthik/Ros2_ackermann_robot/install/ackermann_gazebo/share/ackermann_gazebo/environment/ament_prefix_path.dsv
-- Up-to-date: /home/karthik/Ros2_ackermann_robot/install/ackermann_gazebo/share/ackermann_gazebo/environment/path.sh
-- Up-to-date: /home/karthik/Ros2_ackermann_robot/install/ackermann_gazebo/share/ackermann_gazebo/environment/path.dsv
-- Up-to-date: /home/karthik/Ros2_ackermann_robot/install/ackermann_gazebo/share/ackermann_gazebo/local_setup.bash
-- Up-to-date: /home/karthik/Ros2_ackermann_robot/install/ackermann_gazebo/share/ackermann_gazebo/local_setup.sh
-- Up-to-date: /home/karthik/Ros2_ackermann_robot/install/ackermann_gazebo/share/ackermann_gazebo/local_setup.zsh
-- Up-to-date: /home/karthik/Ros2_ackermann_robot/install/ackermann_gazebo/share/ackermann_gazebo/local_setup.dsv
-- Up-to-date: /home/karthik/Ros2_ackermann_robot/install/ackermann_gazebo/share/ackermann_gazebo/package.dsv
-- Up-to-date: /home/karthik/Ros2_ackermann_robot/install/ackermann_gazebo/share/ament_index/resource_index/packages/ackermann_gazebo
-- Up-to-date: /home/karthik/Ros2_ackermann_robot/install/ackermann_gazebo/share/ackermann_gazebo/cmake/ackermann_gazeboConfig.cmake
-- Up-to-date: /home/karthik/Ros2_ackermann_robot/install/ackermann_gazebo/share/ackermann_gazebo/cmake/ackermann_gazeboConfig-version.cmake
-- Up-to-date: /home/karthik/Ros2_ackermann_robot/install/ackermann_gazebo/share/ackermann_gazebo/package.xml
