[0.149s] DEBUG:colcon:Command line arguments: ['/usr/bin/colcon', 'build', '--symlink-install']
[0.150s] DEBUG:colcon:Parsed command line arguments: Namespace(log_base=None, log_level=None, verb_name='build', build_base='build', install_base='install', merge_install=False, symlink_install=True, test_result_base=None, continue_on_error=False, executor='parallel', parallel_workers=16, event_handlers=None, ignore_user_meta=False, metas=['./colcon.meta'], base_paths=['.'], packages_ignore=None, packages_ignore_regex=None, paths=None, packages_up_to=None, packages_up_to_regex=None, packages_above=None, packages_above_and_dependencies=None, packages_above_depth=None, packages_select_by_dep=None, packages_skip_by_dep=None, packages_skip_up_to=None, packages_select_build_failed=False, packages_skip_build_finished=False, packages_select_test_failures=False, packages_skip_test_passed=False, packages_select=None, packages_skip=None, packages_select_regex=None, packages_skip_regex=None, packages_start=None, packages_end=None, allow_overriding=[], cmake_args=None, cmake_target=None, cmake_target_skip_unavailable=False, cmake_clean_cache=False, cmake_clean_first=False, cmake_force_configure=False, ament_cmake_args=None, catkin_cmake_args=None, catkin_skip_building_tests=False, mixin_files=None, mixin=None, verb_parser=<colcon_mixin.mixin.mixin_argument.MixinArgumentDecorator object at 0x75e71fb3a8a0>, verb_extension=<colcon_core.verb.build.BuildVerb object at 0x75e71fca6570>, main=<bound method BuildVerb.main of <colcon_core.verb.build.BuildVerb object at 0x75e71fca6570>>, mixin_verb=('build',))
[0.182s] Level 1:colcon.colcon_core.package_discovery:discover_packages(colcon_meta) check parameters
[0.182s] Level 1:colcon.colcon_core.package_discovery:discover_packages(recursive) check parameters
[0.182s] Level 1:colcon.colcon_core.package_discovery:discover_packages(ignore) check parameters
[0.182s] Level 1:colcon.colcon_core.package_discovery:discover_packages(path) check parameters
[0.182s] Level 1:colcon.colcon_core.package_discovery:discover_packages(colcon_meta) discover
[0.182s] Level 1:colcon.colcon_core.package_discovery:discover_packages(recursive) discover
[0.182s] INFO:colcon.colcon_core.package_discovery:Crawling recursively for packages in '/home/karthik/Ros2_ackermann_robot'
[0.182s] Level 1:colcon.colcon_core.package_identification:_identify(.) by extensions ['ignore', 'ignore_ament_install']
[0.182s] Level 1:colcon.colcon_core.package_identification:_identify(.) by extension 'ignore'
[0.182s] Level 1:colcon.colcon_core.package_identification:_identify(.) by extension 'ignore_ament_install'
[0.183s] Level 1:colcon.colcon_core.package_identification:_identify(.) by extensions ['colcon_pkg']
[0.183s] Level 1:colcon.colcon_core.package_identification:_identify(.) by extension 'colcon_pkg'
[0.183s] Level 1:colcon.colcon_core.package_identification:_identify(.) by extensions ['colcon_meta']
[0.183s] Level 1:colcon.colcon_core.package_identification:_identify(.) by extension 'colcon_meta'
[0.183s] Level 1:colcon.colcon_core.package_identification:_identify(.) by extensions ['ros']
[0.183s] Level 1:colcon.colcon_core.package_identification:_identify(.) by extension 'ros'
[0.204s] Level 1:colcon.colcon_core.package_identification:_identify(.) by extensions ['cmake', 'python']
[0.205s] Level 1:colcon.colcon_core.package_identification:_identify(.) by extension 'cmake'
[0.205s] Level 1:colcon.colcon_core.package_identification:_identify(.) by extension 'python'
[0.205s] Level 1:colcon.colcon_core.package_identification:_identify(.) by extensions ['python_setup_py']
[0.205s] Level 1:colcon.colcon_core.package_identification:_identify(.) by extension 'python_setup_py'
[0.205s] Level 1:colcon.colcon_core.package_identification:_identify(build) by extensions ['ignore', 'ignore_ament_install']
[0.205s] Level 1:colcon.colcon_core.package_identification:_identify(build) by extension 'ignore'
[0.205s] Level 1:colcon.colcon_core.package_identification:_identify(build) ignored
[0.205s] Level 1:colcon.colcon_core.package_identification:_identify(install) by extensions ['ignore', 'ignore_ament_install']
[0.205s] Level 1:colcon.colcon_core.package_identification:_identify(install) by extension 'ignore'
[0.205s] Level 1:colcon.colcon_core.package_identification:_identify(install) ignored
[0.205s] Level 1:colcon.colcon_core.package_identification:_identify(log) by extensions ['ignore', 'ignore_ament_install']
[0.205s] Level 1:colcon.colcon_core.package_identification:_identify(log) by extension 'ignore'
[0.205s] Level 1:colcon.colcon_core.package_identification:_identify(log) ignored
[0.205s] Level 1:colcon.colcon_core.package_identification:_identify(src) by extensions ['ignore', 'ignore_ament_install']
[0.205s] Level 1:colcon.colcon_core.package_identification:_identify(src) by extension 'ignore'
[0.206s] Level 1:colcon.colcon_core.package_identification:_identify(src) by extension 'ignore_ament_install'
[0.206s] Level 1:colcon.colcon_core.package_identification:_identify(src) by extensions ['colcon_pkg']
[0.206s] Level 1:colcon.colcon_core.package_identification:_identify(src) by extension 'colcon_pkg'
[0.206s] Level 1:colcon.colcon_core.package_identification:_identify(src) by extensions ['colcon_meta']
[0.206s] Level 1:colcon.colcon_core.package_identification:_identify(src) by extension 'colcon_meta'
[0.206s] Level 1:colcon.colcon_core.package_identification:_identify(src) by extensions ['ros']
[0.206s] Level 1:colcon.colcon_core.package_identification:_identify(src) by extension 'ros'
[0.206s] Level 1:colcon.colcon_core.package_identification:_identify(src) by extensions ['cmake', 'python']
[0.206s] Level 1:colcon.colcon_core.package_identification:_identify(src) by extension 'cmake'
[0.206s] Level 1:colcon.colcon_core.package_identification:_identify(src) by extension 'python'
[0.206s] Level 1:colcon.colcon_core.package_identification:_identify(src) by extensions ['python_setup_py']
[0.206s] Level 1:colcon.colcon_core.package_identification:_identify(src) by extension 'python_setup_py'
[0.206s] Level 1:colcon.colcon_core.package_identification:_identify(src/ackermann_gazebo) by extensions ['ignore', 'ignore_ament_install']
[0.206s] Level 1:colcon.colcon_core.package_identification:_identify(src/ackermann_gazebo) by extension 'ignore'
[0.206s] Level 1:colcon.colcon_core.package_identification:_identify(src/ackermann_gazebo) by extension 'ignore_ament_install'
[0.206s] Level 1:colcon.colcon_core.package_identification:_identify(src/ackermann_gazebo) by extensions ['colcon_pkg']
[0.206s] Level 1:colcon.colcon_core.package_identification:_identify(src/ackermann_gazebo) by extension 'colcon_pkg'
[0.206s] Level 1:colcon.colcon_core.package_identification:_identify(src/ackermann_gazebo) by extensions ['colcon_meta']
[0.206s] Level 1:colcon.colcon_core.package_identification:_identify(src/ackermann_gazebo) by extension 'colcon_meta'
[0.206s] Level 1:colcon.colcon_core.package_identification:_identify(src/ackermann_gazebo) by extensions ['ros']
[0.206s] Level 1:colcon.colcon_core.package_identification:_identify(src/ackermann_gazebo) by extension 'ros'
[0.208s] DEBUG:colcon.colcon_core.package_identification:Package 'src/ackermann_gazebo' with type 'ros.ament_cmake' and name 'ackermann_gazebo'
[0.209s] Level 1:colcon.colcon_core.package_identification:_identify(src/ackermann_teleop) by extensions ['ignore', 'ignore_ament_install']
[0.209s] Level 1:colcon.colcon_core.package_identification:_identify(src/ackermann_teleop) by extension 'ignore'
[0.209s] Level 1:colcon.colcon_core.package_identification:_identify(src/ackermann_teleop) by extension 'ignore_ament_install'
[0.209s] Level 1:colcon.colcon_core.package_identification:_identify(src/ackermann_teleop) by extensions ['colcon_pkg']
[0.209s] Level 1:colcon.colcon_core.package_identification:_identify(src/ackermann_teleop) by extension 'colcon_pkg'
[0.209s] Level 1:colcon.colcon_core.package_identification:_identify(src/ackermann_teleop) by extensions ['colcon_meta']
[0.209s] Level 1:colcon.colcon_core.package_identification:_identify(src/ackermann_teleop) by extension 'colcon_meta'
[0.209s] Level 1:colcon.colcon_core.package_identification:_identify(src/ackermann_teleop) by extensions ['ros']
[0.209s] Level 1:colcon.colcon_core.package_identification:_identify(src/ackermann_teleop) by extension 'ros'
[0.209s] DEBUG:colcon.colcon_core.package_identification:Package 'src/ackermann_teleop' with type 'ros.ament_python' and name 'ackermann_teleop'
[0.209s] Level 1:colcon.colcon_core.package_discovery:discover_packages(recursive) using defaults
[0.209s] Level 1:colcon.colcon_core.package_discovery:discover_packages(ignore) discover
[0.209s] Level 1:colcon.colcon_core.package_discovery:discover_packages(ignore) using defaults
[0.209s] Level 1:colcon.colcon_core.package_discovery:discover_packages(path) discover
[0.209s] Level 1:colcon.colcon_core.package_discovery:discover_packages(path) using defaults
[0.223s] Level 1:colcon.colcon_core.package_discovery:discover_packages(prefix_path) check parameters
[0.223s] Level 1:colcon.colcon_core.package_discovery:discover_packages(prefix_path) discover
[0.225s] DEBUG:colcon.colcon_installed_package_information.package_discovery:Found 2 installed packages in /home/karthik/Ros2_ackermann_robot/install
[0.226s] DEBUG:colcon.colcon_installed_package_information.package_discovery:Found 426 installed packages in /opt/ros/jazzy
[0.228s] Level 1:colcon.colcon_core.package_discovery:discover_packages(prefix_path) using defaults
[0.265s] Level 5:colcon.colcon_core.verb:set package 'ackermann_gazebo' build argument 'cmake_args' from command line to 'None'
[0.265s] Level 5:colcon.colcon_core.verb:set package 'ackermann_gazebo' build argument 'cmake_target' from command line to 'None'
[0.265s] Level 5:colcon.colcon_core.verb:set package 'ackermann_gazebo' build argument 'cmake_target_skip_unavailable' from command line to 'False'
[0.265s] Level 5:colcon.colcon_core.verb:set package 'ackermann_gazebo' build argument 'cmake_clean_cache' from command line to 'False'
[0.265s] Level 5:colcon.colcon_core.verb:set package 'ackermann_gazebo' build argument 'cmake_clean_first' from command line to 'False'
[0.265s] Level 5:colcon.colcon_core.verb:set package 'ackermann_gazebo' build argument 'cmake_force_configure' from command line to 'False'
[0.265s] Level 5:colcon.colcon_core.verb:set package 'ackermann_gazebo' build argument 'ament_cmake_args' from command line to 'None'
[0.265s] Level 5:colcon.colcon_core.verb:set package 'ackermann_gazebo' build argument 'catkin_cmake_args' from command line to 'None'
[0.266s] Level 5:colcon.colcon_core.verb:set package 'ackermann_gazebo' build argument 'catkin_skip_building_tests' from command line to 'False'
[0.266s] DEBUG:colcon.colcon_core.verb:Building package 'ackermann_gazebo' with the following arguments: {'ament_cmake_args': None, 'build_base': '/home/karthik/Ros2_ackermann_robot/build/ackermann_gazebo', 'catkin_cmake_args': None, 'catkin_skip_building_tests': False, 'cmake_args': None, 'cmake_clean_cache': False, 'cmake_clean_first': False, 'cmake_force_configure': False, 'cmake_target': None, 'cmake_target_skip_unavailable': False, 'install_base': '/home/karthik/Ros2_ackermann_robot/install/ackermann_gazebo', 'merge_install': False, 'path': '/home/karthik/Ros2_ackermann_robot/src/ackermann_gazebo', 'symlink_install': True, 'test_result_base': None}
[0.266s] Level 5:colcon.colcon_core.verb:set package 'ackermann_teleop' build argument 'cmake_args' from command line to 'None'
[0.266s] Level 5:colcon.colcon_core.verb:set package 'ackermann_teleop' build argument 'cmake_target' from command line to 'None'
[0.266s] Level 5:colcon.colcon_core.verb:set package 'ackermann_teleop' build argument 'cmake_target_skip_unavailable' from command line to 'False'
[0.266s] Level 5:colcon.colcon_core.verb:set package 'ackermann_teleop' build argument 'cmake_clean_cache' from command line to 'False'
[0.266s] Level 5:colcon.colcon_core.verb:set package 'ackermann_teleop' build argument 'cmake_clean_first' from command line to 'False'
[0.266s] Level 5:colcon.colcon_core.verb:set package 'ackermann_teleop' build argument 'cmake_force_configure' from command line to 'False'
[0.266s] Level 5:colcon.colcon_core.verb:set package 'ackermann_teleop' build argument 'ament_cmake_args' from command line to 'None'
[0.266s] Level 5:colcon.colcon_core.verb:set package 'ackermann_teleop' build argument 'catkin_cmake_args' from command line to 'None'
[0.266s] Level 5:colcon.colcon_core.verb:set package 'ackermann_teleop' build argument 'catkin_skip_building_tests' from command line to 'False'
[0.266s] DEBUG:colcon.colcon_core.verb:Building package 'ackermann_teleop' with the following arguments: {'ament_cmake_args': None, 'build_base': '/home/karthik/Ros2_ackermann_robot/build/ackermann_teleop', 'catkin_cmake_args': None, 'catkin_skip_building_tests': False, 'cmake_args': None, 'cmake_clean_cache': False, 'cmake_clean_first': False, 'cmake_force_configure': False, 'cmake_target': None, 'cmake_target_skip_unavailable': False, 'install_base': '/home/karthik/Ros2_ackermann_robot/install/ackermann_teleop', 'merge_install': False, 'path': '/home/karthik/Ros2_ackermann_robot/src/ackermann_teleop', 'symlink_install': True, 'test_result_base': None}
[0.266s] INFO:colcon.colcon_core.executor:Executing jobs using 'parallel' executor
[0.267s] DEBUG:colcon.colcon_parallel_executor.executor.parallel:run_until_complete
[0.267s] INFO:colcon.colcon_ros.task.ament_cmake.build:Building ROS package in '/home/karthik/Ros2_ackermann_robot/src/ackermann_gazebo' with build type 'ament_cmake'
[0.267s] INFO:colcon.colcon_cmake.task.cmake.build:Building CMake package in '/home/karthik/Ros2_ackermann_robot/src/ackermann_gazebo'
[0.269s] INFO:colcon.colcon_core.plugin_system:Skipping extension 'colcon_core.shell.bat': Not used on non-Windows systems
[0.269s] INFO:colcon.colcon_core.shell:Skip shell extension 'powershell' for command environment: Not usable outside of PowerShell
[0.269s] DEBUG:colcon.colcon_core.shell:Skip shell extension 'dsv' for command environment
[0.272s] INFO:colcon.colcon_ros.task.ament_python.build:Building ROS package in '/home/karthik/Ros2_ackermann_robot/src/ackermann_teleop' with build type 'ament_python'
[0.273s] Level 1:colcon.colcon_core.shell:create_environment_hook('ackermann_teleop', 'ament_prefix_path')
[0.274s] INFO:colcon.colcon_core.shell:Creating environment hook '/home/karthik/Ros2_ackermann_robot/install/ackermann_teleop/share/ackermann_teleop/hook/ament_prefix_path.ps1'
[0.275s] INFO:colcon.colcon_core.shell:Creating environment descriptor '/home/karthik/Ros2_ackermann_robot/install/ackermann_teleop/share/ackermann_teleop/hook/ament_prefix_path.dsv'
[0.276s] INFO:colcon.colcon_core.shell:Creating environment hook '/home/karthik/Ros2_ackermann_robot/install/ackermann_teleop/share/ackermann_teleop/hook/ament_prefix_path.sh'
[0.276s] INFO:colcon.colcon_core.shell:Skip shell extension 'powershell' for command environment: Not usable outside of PowerShell
[0.276s] DEBUG:colcon.colcon_core.shell:Skip shell extension 'dsv' for command environment
[0.292s] DEBUG:colcon.colcon_core.event_handler.log_command:Invoking command in '/home/karthik/Ros2_ackermann_robot/build/ackermann_gazebo': CMAKE_PREFIX_PATH=${CMAKE_PREFIX_PATH}:/home/karthik/Ros2_ackermann_robot/install/ackermann_teleop:/opt/ros/jazzy /usr/bin/cmake --build /home/karthik/Ros2_ackermann_robot/build/ackermann_gazebo -- -j16 -l16
[0.462s] INFO:colcon.colcon_core.task.python.build:Building Python package in '/home/karthik/Ros2_ackermann_robot/src/ackermann_teleop'
[0.462s] INFO:colcon.colcon_core.shell:Skip shell extension 'powershell' for command environment: Not usable outside of PowerShell
[0.462s] DEBUG:colcon.colcon_core.shell:Skip shell extension 'dsv' for command environment
[0.466s] DEBUG:colcon.colcon_core.event_handler.log_command:Invoked command in '/home/karthik/Ros2_ackermann_robot/build/ackermann_gazebo' returned '0': CMAKE_PREFIX_PATH=${CMAKE_PREFIX_PATH}:/home/karthik/Ros2_ackermann_robot/install/ackermann_teleop:/opt/ros/jazzy /usr/bin/cmake --build /home/karthik/Ros2_ackermann_robot/build/ackermann_gazebo -- -j16 -l16
[0.475s] DEBUG:colcon.colcon_core.event_handler.log_command:Invoking command in '/home/karthik/Ros2_ackermann_robot/build/ackermann_gazebo': CMAKE_PREFIX_PATH=${CMAKE_PREFIX_PATH}:/home/karthik/Ros2_ackermann_robot/install/ackermann_teleop:/opt/ros/jazzy /usr/bin/cmake --install /home/karthik/Ros2_ackermann_robot/build/ackermann_gazebo
[0.494s] Level 1:colcon.colcon_core.environment:create_environment_scripts_only(ackermann_gazebo)
[0.494s] DEBUG:colcon.colcon_core.event_handler.log_command:Invoked command in '/home/karthik/Ros2_ackermann_robot/build/ackermann_gazebo' returned '0': CMAKE_PREFIX_PATH=${CMAKE_PREFIX_PATH}:/home/karthik/Ros2_ackermann_robot/install/ackermann_teleop:/opt/ros/jazzy /usr/bin/cmake --install /home/karthik/Ros2_ackermann_robot/build/ackermann_gazebo
[0.496s] Level 1:colcon.colcon_core.environment:checking '/home/karthik/Ros2_ackermann_robot/install/ackermann_gazebo' for CMake module files
[0.496s] Level 1:colcon.colcon_core.environment:checking '/home/karthik/Ros2_ackermann_robot/install/ackermann_gazebo' for CMake config files
[0.497s] Level 1:colcon.colcon_core.shell:create_environment_hook('ackermann_gazebo', 'cmake_prefix_path')
[0.497s] INFO:colcon.colcon_core.shell:Creating environment hook '/home/karthik/Ros2_ackermann_robot/install/ackermann_gazebo/share/ackermann_gazebo/hook/cmake_prefix_path.ps1'
[0.497s] INFO:colcon.colcon_core.shell:Creating environment descriptor '/home/karthik/Ros2_ackermann_robot/install/ackermann_gazebo/share/ackermann_gazebo/hook/cmake_prefix_path.dsv'
[0.497s] INFO:colcon.colcon_core.shell:Creating environment hook '/home/karthik/Ros2_ackermann_robot/install/ackermann_gazebo/share/ackermann_gazebo/hook/cmake_prefix_path.sh'
[0.498s] Level 1:colcon.colcon_core.environment:checking '/home/karthik/Ros2_ackermann_robot/install/ackermann_gazebo/bin'
[0.498s] Level 1:colcon.colcon_core.environment:checking '/home/karthik/Ros2_ackermann_robot/install/ackermann_gazebo/lib/pkgconfig/ackermann_gazebo.pc'
[0.498s] Level 1:colcon.colcon_core.environment:checking '/home/karthik/Ros2_ackermann_robot/install/ackermann_gazebo/lib/python3.12/site-packages'
[0.498s] Level 1:colcon.colcon_core.environment:checking '/home/karthik/Ros2_ackermann_robot/install/ackermann_gazebo/bin'
[0.499s] INFO:colcon.colcon_core.shell:Creating package script '/home/karthik/Ros2_ackermann_robot/install/ackermann_gazebo/share/ackermann_gazebo/package.ps1'
[0.499s] INFO:colcon.colcon_core.shell:Creating package descriptor '/home/karthik/Ros2_ackermann_robot/install/ackermann_gazebo/share/ackermann_gazebo/package.dsv'
[0.500s] INFO:colcon.colcon_core.shell:Creating package script '/home/karthik/Ros2_ackermann_robot/install/ackermann_gazebo/share/ackermann_gazebo/package.sh'
[0.500s] INFO:colcon.colcon_core.shell:Creating package script '/home/karthik/Ros2_ackermann_robot/install/ackermann_gazebo/share/ackermann_gazebo/package.bash'
[0.500s] INFO:colcon.colcon_core.shell:Creating package script '/home/karthik/Ros2_ackermann_robot/install/ackermann_gazebo/share/ackermann_gazebo/package.zsh'
[0.501s] Level 1:colcon.colcon_core.environment:create_file_with_runtime_dependencies(/home/karthik/Ros2_ackermann_robot/install/ackermann_gazebo/share/colcon-core/packages/ackermann_gazebo)
[0.501s] Level 1:colcon.colcon_core.environment:create_environment_scripts_only(ackermann_gazebo)
[0.502s] Level 1:colcon.colcon_core.environment:checking '/home/karthik/Ros2_ackermann_robot/install/ackermann_gazebo' for CMake module files
[0.502s] Level 1:colcon.colcon_core.environment:checking '/home/karthik/Ros2_ackermann_robot/install/ackermann_gazebo' for CMake config files
[0.502s] Level 1:colcon.colcon_core.shell:create_environment_hook('ackermann_gazebo', 'cmake_prefix_path')
[0.502s] INFO:colcon.colcon_core.shell:Creating environment hook '/home/karthik/Ros2_ackermann_robot/install/ackermann_gazebo/share/ackermann_gazebo/hook/cmake_prefix_path.ps1'
[0.503s] INFO:colcon.colcon_core.shell:Creating environment descriptor '/home/karthik/Ros2_ackermann_robot/install/ackermann_gazebo/share/ackermann_gazebo/hook/cmake_prefix_path.dsv'
[0.503s] INFO:colcon.colcon_core.shell:Creating environment hook '/home/karthik/Ros2_ackermann_robot/install/ackermann_gazebo/share/ackermann_gazebo/hook/cmake_prefix_path.sh'
[0.503s] Level 1:colcon.colcon_core.environment:checking '/home/karthik/Ros2_ackermann_robot/install/ackermann_gazebo/bin'
[0.503s] Level 1:colcon.colcon_core.environment:checking '/home/karthik/Ros2_ackermann_robot/install/ackermann_gazebo/lib/pkgconfig/ackermann_gazebo.pc'
[0.503s] Level 1:colcon.colcon_core.environment:checking '/home/karthik/Ros2_ackermann_robot/install/ackermann_gazebo/lib/python3.12/site-packages'
[0.504s] Level 1:colcon.colcon_core.environment:checking '/home/karthik/Ros2_ackermann_robot/install/ackermann_gazebo/bin'
[0.504s] INFO:colcon.colcon_core.shell:Creating package script '/home/karthik/Ros2_ackermann_robot/install/ackermann_gazebo/share/ackermann_gazebo/package.ps1'
[0.504s] INFO:colcon.colcon_core.shell:Creating package descriptor '/home/karthik/Ros2_ackermann_robot/install/ackermann_gazebo/share/ackermann_gazebo/package.dsv'
[0.505s] INFO:colcon.colcon_core.shell:Creating package script '/home/karthik/Ros2_ackermann_robot/install/ackermann_gazebo/share/ackermann_gazebo/package.sh'
[0.505s] INFO:colcon.colcon_core.shell:Creating package script '/home/karthik/Ros2_ackermann_robot/install/ackermann_gazebo/share/ackermann_gazebo/package.bash'
[0.505s] INFO:colcon.colcon_core.shell:Creating package script '/home/karthik/Ros2_ackermann_robot/install/ackermann_gazebo/share/ackermann_gazebo/package.zsh'
[0.505s] Level 1:colcon.colcon_core.environment:create_file_with_runtime_dependencies(/home/karthik/Ros2_ackermann_robot/install/ackermann_gazebo/share/colcon-core/packages/ackermann_gazebo)
[0.919s] DEBUG:colcon.colcon_core.event_handler.log_command:Invoking command in '/home/karthik/Ros2_ackermann_robot/build/ackermann_teleop': PYTHONPATH=/home/karthik/Ros2_ackermann_robot/build/ackermann_teleop/prefix_override:/usr/lib/python3/dist-packages/colcon_core/task/python/colcon_distutils_commands:/home/karthik/Ros2_ackermann_robot/install/ackermann_teleop/lib/python3.12/site-packages:${PYTHONPATH} /usr/bin/python3 -W ignore:setup.py install is deprecated -W ignore:easy_install command is deprecated setup.py develop --editable --build-directory /home/karthik/Ros2_ackermann_robot/build/ackermann_teleop/build --no-deps symlink_data
[1.430s] Level 1:colcon.colcon_core.shell:create_environment_hook('ackermann_teleop', 'pythonpath_develop')
[1.430s] INFO:colcon.colcon_core.shell:Creating environment hook '/home/karthik/Ros2_ackermann_robot/build/ackermann_teleop/share/ackermann_teleop/hook/pythonpath_develop.ps1'
[1.431s] DEBUG:colcon.colcon_core.event_handler.log_command:Invoked command in '/home/karthik/Ros2_ackermann_robot/build/ackermann_teleop' returned '0': PYTHONPATH=/home/karthik/Ros2_ackermann_robot/build/ackermann_teleop/prefix_override:/usr/lib/python3/dist-packages/colcon_core/task/python/colcon_distutils_commands:/home/karthik/Ros2_ackermann_robot/install/ackermann_teleop/lib/python3.12/site-packages:${PYTHONPATH} /usr/bin/python3 -W ignore:setup.py install is deprecated -W ignore:easy_install command is deprecated setup.py develop --editable --build-directory /home/karthik/Ros2_ackermann_robot/build/ackermann_teleop/build --no-deps symlink_data
[1.432s] INFO:colcon.colcon_core.shell:Creating environment descriptor '/home/karthik/Ros2_ackermann_robot/build/ackermann_teleop/share/ackermann_teleop/hook/pythonpath_develop.dsv'
[1.432s] INFO:colcon.colcon_core.shell:Creating environment hook '/home/karthik/Ros2_ackermann_robot/build/ackermann_teleop/share/ackermann_teleop/hook/pythonpath_develop.sh'
[1.433s] Level 1:colcon.colcon_core.environment:checking '/home/karthik/Ros2_ackermann_robot/install/ackermann_teleop' for CMake module files
[1.433s] Level 1:colcon.colcon_core.environment:checking '/home/karthik/Ros2_ackermann_robot/install/ackermann_teleop' for CMake config files
[1.433s] Level 1:colcon.colcon_core.environment:checking '/home/karthik/Ros2_ackermann_robot/install/ackermann_teleop/lib'
[1.434s] Level 1:colcon.colcon_core.environment:checking '/home/karthik/Ros2_ackermann_robot/install/ackermann_teleop/bin'
[1.434s] Level 1:colcon.colcon_core.environment:checking '/home/karthik/Ros2_ackermann_robot/install/ackermann_teleop/lib/pkgconfig/ackermann_teleop.pc'
[1.434s] Level 1:colcon.colcon_core.environment:checking '/home/karthik/Ros2_ackermann_robot/install/ackermann_teleop/lib/python3.12/site-packages'
[1.434s] Level 1:colcon.colcon_core.shell:create_environment_hook('ackermann_teleop', 'pythonpath')
[1.434s] INFO:colcon.colcon_core.shell:Creating environment hook '/home/karthik/Ros2_ackermann_robot/install/ackermann_teleop/share/ackermann_teleop/hook/pythonpath.ps1'
[1.435s] INFO:colcon.colcon_core.shell:Creating environment descriptor '/home/karthik/Ros2_ackermann_robot/install/ackermann_teleop/share/ackermann_teleop/hook/pythonpath.dsv'
[1.435s] INFO:colcon.colcon_core.shell:Creating environment hook '/home/karthik/Ros2_ackermann_robot/install/ackermann_teleop/share/ackermann_teleop/hook/pythonpath.sh'
[1.436s] Level 1:colcon.colcon_core.environment:checking '/home/karthik/Ros2_ackermann_robot/install/ackermann_teleop/bin'
[1.436s] Level 1:colcon.colcon_core.environment:create_environment_scripts_only(ackermann_teleop)
[1.436s] INFO:colcon.colcon_core.shell:Creating package script '/home/karthik/Ros2_ackermann_robot/install/ackermann_teleop/share/ackermann_teleop/package.ps1'
[1.437s] INFO:colcon.colcon_core.shell:Creating package descriptor '/home/karthik/Ros2_ackermann_robot/install/ackermann_teleop/share/ackermann_teleop/package.dsv'
[1.437s] INFO:colcon.colcon_core.shell:Creating package script '/home/karthik/Ros2_ackermann_robot/install/ackermann_teleop/share/ackermann_teleop/package.sh'
[1.438s] INFO:colcon.colcon_core.shell:Creating package script '/home/karthik/Ros2_ackermann_robot/install/ackermann_teleop/share/ackermann_teleop/package.bash'
[1.438s] INFO:colcon.colcon_core.shell:Creating package script '/home/karthik/Ros2_ackermann_robot/install/ackermann_teleop/share/ackermann_teleop/package.zsh'
[1.439s] Level 1:colcon.colcon_core.environment:create_file_with_runtime_dependencies(/home/karthik/Ros2_ackermann_robot/install/ackermann_teleop/share/colcon-core/packages/ackermann_teleop)
[1.439s] DEBUG:colcon.colcon_parallel_executor.executor.parallel:closing loop
[1.440s] DEBUG:colcon.colcon_parallel_executor.executor.parallel:loop closed
[1.441s] DEBUG:colcon.colcon_parallel_executor.executor.parallel:run_until_complete finished with '0'
[1.441s] DEBUG:colcon.colcon_core.event_reactor:joining thread
[1.492s] INFO:colcon.colcon_core.plugin_system:Skipping extension 'colcon_notification.desktop_notification.notify_send': Could not find 'notify-send'
[1.492s] INFO:colcon.colcon_core.plugin_system:Skipping extension 'colcon_notification.desktop_notification.terminal_notifier': Not used on non-Darwin systems
[1.492s] INFO:colcon.colcon_core.plugin_system:Skipping extension 'colcon_notification.desktop_notification.win32': Not used on non-Windows systems
[1.492s] INFO:colcon.colcon_notification.desktop_notification:Sending desktop notification using 'notify2'
[1.494s] DEBUG:colcon.colcon_notification.desktop_notification.notify2:Failed to initialize notify2: org.freedesktop.DBus.Error.ServiceUnknown: The name org.freedesktop.Notifications was not provided by any .service files
[1.494s] DEBUG:colcon.colcon_core.event_reactor:joined thread
[1.494s] INFO:colcon.colcon_core.shell:Creating prefix script '/home/karthik/Ros2_ackermann_robot/install/local_setup.ps1'
[1.496s] INFO:colcon.colcon_core.shell:Creating prefix util module '/home/karthik/Ros2_ackermann_robot/install/_local_setup_util_ps1.py'
[1.497s] INFO:colcon.colcon_core.shell:Creating prefix chain script '/home/karthik/Ros2_ackermann_robot/install/setup.ps1'
[1.498s] INFO:colcon.colcon_core.shell:Creating prefix script '/home/karthik/Ros2_ackermann_robot/install/local_setup.sh'
[1.498s] INFO:colcon.colcon_core.shell:Creating prefix util module '/home/karthik/Ros2_ackermann_robot/install/_local_setup_util_sh.py'
[1.499s] INFO:colcon.colcon_core.shell:Creating prefix chain script '/home/karthik/Ros2_ackermann_robot/install/setup.sh'
[1.500s] INFO:colcon.colcon_core.shell:Creating prefix script '/home/karthik/Ros2_ackermann_robot/install/local_setup.bash'
[1.500s] INFO:colcon.colcon_core.shell:Creating prefix chain script '/home/karthik/Ros2_ackermann_robot/install/setup.bash'
[1.501s] INFO:colcon.colcon_core.shell:Creating prefix script '/home/karthik/Ros2_ackermann_robot/install/local_setup.zsh'
[1.502s] INFO:colcon.colcon_core.shell:Creating prefix chain script '/home/karthik/Ros2_ackermann_robot/install/setup.zsh'
