[0.533s] DEBUG:colcon:Command line arguments: ['/usr/bin/colcon', 'build']
[0.533s] DEBUG:colcon:Parsed command line arguments: Namespace(log_base=None, log_level=None, verb_name='build', build_base='build', install_base='install', merge_install=False, symlink_install=False, test_result_base=None, continue_on_error=False, executor='parallel', parallel_workers=16, event_handlers=None, ignore_user_meta=False, metas=['./colcon.meta'], base_paths=['.'], packages_ignore=None, packages_ignore_regex=None, paths=None, packages_up_to=None, packages_up_to_regex=None, packages_above=None, packages_above_and_dependencies=None, packages_above_depth=None, packages_select_by_dep=None, packages_skip_by_dep=None, packages_skip_up_to=None, packages_select_build_failed=False, packages_skip_build_finished=False, packages_select_test_failures=False, packages_skip_test_passed=False, packages_select=None, packages_skip=None, packages_select_regex=None, packages_skip_regex=None, packages_start=None, packages_end=None, allow_overriding=[], cmake_args=None, cmake_target=None, cmake_target_skip_unavailable=False, cmake_clean_cache=False, cmake_clean_first=False, cmake_force_configure=False, ament_cmake_args=None, catkin_cmake_args=None, catkin_skip_building_tests=False, mixin_files=None, mixin=None, verb_parser=<colcon_mixin.mixin.mixin_argument.MixinArgumentDecorator object at 0x7b3479572690>, verb_extension=<colcon_core.verb.build.BuildVerb object at 0x7b347969ebd0>, main=<bound method BuildVerb.main of <colcon_core.verb.build.BuildVerb object at 0x7b347969ebd0>>, mixin_verb=('build',))
[0.639s] Level 1:colcon.colcon_core.package_discovery:discover_packages(colcon_meta) check parameters
[0.640s] Level 1:colcon.colcon_core.package_discovery:discover_packages(recursive) check parameters
[0.640s] Level 1:colcon.colcon_core.package_discovery:discover_packages(ignore) check parameters
[0.640s] Level 1:colcon.colcon_core.package_discovery:discover_packages(path) check parameters
[0.640s] Level 1:colcon.colcon_core.package_discovery:discover_packages(colcon_meta) discover
[0.640s] Level 1:colcon.colcon_core.package_discovery:discover_packages(recursive) discover
[0.640s] INFO:colcon.colcon_core.package_discovery:Crawling recursively for packages in '/home/karthik/Ros2_ackermann_robot'
[0.640s] Level 1:colcon.colcon_core.package_identification:_identify(.) by extensions ['ignore', 'ignore_ament_install']
[0.641s] Level 1:colcon.colcon_core.package_identification:_identify(.) by extension 'ignore'
[0.641s] Level 1:colcon.colcon_core.package_identification:_identify(.) by extension 'ignore_ament_install'
[0.641s] Level 1:colcon.colcon_core.package_identification:_identify(.) by extensions ['colcon_pkg']
[0.641s] Level 1:colcon.colcon_core.package_identification:_identify(.) by extension 'colcon_pkg'
[0.641s] Level 1:colcon.colcon_core.package_identification:_identify(.) by extensions ['colcon_meta']
[0.641s] Level 1:colcon.colcon_core.package_identification:_identify(.) by extension 'colcon_meta'
[0.642s] Level 1:colcon.colcon_core.package_identification:_identify(.) by extensions ['ros']
[0.642s] Level 1:colcon.colcon_core.package_identification:_identify(.) by extension 'ros'
[0.712s] Level 1:colcon.colcon_core.package_identification:_identify(.) by extensions ['cmake', 'python']
[0.712s] Level 1:colcon.colcon_core.package_identification:_identify(.) by extension 'cmake'
[0.712s] Level 1:colcon.colcon_core.package_identification:_identify(.) by extension 'python'
[0.712s] Level 1:colcon.colcon_core.package_identification:_identify(.) by extensions ['python_setup_py']
[0.712s] Level 1:colcon.colcon_core.package_identification:_identify(.) by extension 'python_setup_py'
[0.713s] Level 1:colcon.colcon_core.package_identification:_identify(build) by extensions ['ignore', 'ignore_ament_install']
[0.713s] Level 1:colcon.colcon_core.package_identification:_identify(build) by extension 'ignore'
[0.713s] Level 1:colcon.colcon_core.package_identification:_identify(build) ignored
[0.713s] Level 1:colcon.colcon_core.package_identification:_identify(install) by extensions ['ignore', 'ignore_ament_install']
[0.713s] Level 1:colcon.colcon_core.package_identification:_identify(install) by extension 'ignore'
[0.713s] Level 1:colcon.colcon_core.package_identification:_identify(install) ignored
[0.714s] Level 1:colcon.colcon_core.package_identification:_identify(log) by extensions ['ignore', 'ignore_ament_install']
[0.714s] Level 1:colcon.colcon_core.package_identification:_identify(log) by extension 'ignore'
[0.714s] Level 1:colcon.colcon_core.package_identification:_identify(log) ignored
[0.714s] Level 1:colcon.colcon_core.package_identification:_identify(src) by extensions ['ignore', 'ignore_ament_install']
[0.714s] Level 1:colcon.colcon_core.package_identification:_identify(src) by extension 'ignore'
[0.714s] Level 1:colcon.colcon_core.package_identification:_identify(src) by extension 'ignore_ament_install'
[0.715s] Level 1:colcon.colcon_core.package_identification:_identify(src) by extensions ['colcon_pkg']
[0.715s] Level 1:colcon.colcon_core.package_identification:_identify(src) by extension 'colcon_pkg'
[0.715s] Level 1:colcon.colcon_core.package_identification:_identify(src) by extensions ['colcon_meta']
[0.715s] Level 1:colcon.colcon_core.package_identification:_identify(src) by extension 'colcon_meta'
[0.715s] Level 1:colcon.colcon_core.package_identification:_identify(src) by extensions ['ros']
[0.715s] Level 1:colcon.colcon_core.package_identification:_identify(src) by extension 'ros'
[0.715s] Level 1:colcon.colcon_core.package_identification:_identify(src) by extensions ['cmake', 'python']
[0.715s] Level 1:colcon.colcon_core.package_identification:_identify(src) by extension 'cmake'
[0.715s] Level 1:colcon.colcon_core.package_identification:_identify(src) by extension 'python'
[0.715s] Level 1:colcon.colcon_core.package_identification:_identify(src) by extensions ['python_setup_py']
[0.715s] Level 1:colcon.colcon_core.package_identification:_identify(src) by extension 'python_setup_py'
[0.715s] Level 1:colcon.colcon_core.package_identification:_identify(src/ackermann_gazebo) by extensions ['ignore', 'ignore_ament_install']
[0.716s] Level 1:colcon.colcon_core.package_identification:_identify(src/ackermann_gazebo) by extension 'ignore'
[0.716s] Level 1:colcon.colcon_core.package_identification:_identify(src/ackermann_gazebo) by extension 'ignore_ament_install'
[0.716s] Level 1:colcon.colcon_core.package_identification:_identify(src/ackermann_gazebo) by extensions ['colcon_pkg']
[0.716s] Level 1:colcon.colcon_core.package_identification:_identify(src/ackermann_gazebo) by extension 'colcon_pkg'
[0.716s] Level 1:colcon.colcon_core.package_identification:_identify(src/ackermann_gazebo) by extensions ['colcon_meta']
[0.716s] Level 1:colcon.colcon_core.package_identification:_identify(src/ackermann_gazebo) by extension 'colcon_meta'
[0.716s] Level 1:colcon.colcon_core.package_identification:_identify(src/ackermann_gazebo) by extensions ['ros']
[0.716s] Level 1:colcon.colcon_core.package_identification:_identify(src/ackermann_gazebo) by extension 'ros'
[0.724s] DEBUG:colcon.colcon_core.package_identification:Package 'src/ackermann_gazebo' with type 'ros.ament_cmake' and name 'ackermann_gazebo'
[0.724s] Level 1:colcon.colcon_core.package_discovery:discover_packages(recursive) using defaults
[0.724s] Level 1:colcon.colcon_core.package_discovery:discover_packages(ignore) discover
[0.725s] Level 1:colcon.colcon_core.package_discovery:discover_packages(ignore) using defaults
[0.725s] Level 1:colcon.colcon_core.package_discovery:discover_packages(path) discover
[0.725s] Level 1:colcon.colcon_core.package_discovery:discover_packages(path) using defaults
[0.777s] Level 1:colcon.colcon_core.package_discovery:discover_packages(prefix_path) check parameters
[0.777s] Level 1:colcon.colcon_core.package_discovery:discover_packages(prefix_path) discover
[0.785s] DEBUG:colcon.colcon_installed_package_information.package_discovery:Found 1 installed packages in /home/karthik/Ros2_ackermann_robot/install
[0.786s] DEBUG:colcon.colcon_installed_package_information.package_discovery:Found 7 installed packages in /home/karthik/ros_ws/install
[0.787s] DEBUG:colcon.colcon_installed_package_information.package_discovery:Found 4 installed packages in /home/karthik/ackermann_sim/src/install
[0.788s] DEBUG:colcon.colcon_installed_package_information.package_discovery:Found 3 installed packages in /home/karthik/ros_jazzy_ws/install
[0.790s] DEBUG:colcon.colcon_installed_package_information.package_discovery:Found 5 installed packages in /home/karthik/install
[0.793s] DEBUG:colcon.colcon_installed_package_information.package_discovery:Found 317 installed packages in /opt/ros/jazzy
[0.797s] Level 1:colcon.colcon_core.package_discovery:discover_packages(prefix_path) using defaults
[0.938s] Level 5:colcon.colcon_core.verb:set package 'ackermann_gazebo' build argument 'cmake_args' from command line to 'None'
[0.938s] Level 5:colcon.colcon_core.verb:set package 'ackermann_gazebo' build argument 'cmake_target' from command line to 'None'
[0.938s] Level 5:colcon.colcon_core.verb:set package 'ackermann_gazebo' build argument 'cmake_target_skip_unavailable' from command line to 'False'
[0.938s] Level 5:colcon.colcon_core.verb:set package 'ackermann_gazebo' build argument 'cmake_clean_cache' from command line to 'False'
[0.938s] Level 5:colcon.colcon_core.verb:set package 'ackermann_gazebo' build argument 'cmake_clean_first' from command line to 'False'
[0.938s] Level 5:colcon.colcon_core.verb:set package 'ackermann_gazebo' build argument 'cmake_force_configure' from command line to 'False'
[0.938s] Level 5:colcon.colcon_core.verb:set package 'ackermann_gazebo' build argument 'ament_cmake_args' from command line to 'None'
[0.938s] Level 5:colcon.colcon_core.verb:set package 'ackermann_gazebo' build argument 'catkin_cmake_args' from command line to 'None'
[0.938s] Level 5:colcon.colcon_core.verb:set package 'ackermann_gazebo' build argument 'catkin_skip_building_tests' from command line to 'False'
[0.938s] DEBUG:colcon.colcon_core.verb:Building package 'ackermann_gazebo' with the following arguments: {'ament_cmake_args': None, 'build_base': '/home/karthik/Ros2_ackermann_robot/build/ackermann_gazebo', 'catkin_cmake_args': None, 'catkin_skip_building_tests': False, 'cmake_args': None, 'cmake_clean_cache': False, 'cmake_clean_first': False, 'cmake_force_configure': False, 'cmake_target': None, 'cmake_target_skip_unavailable': False, 'install_base': '/home/karthik/Ros2_ackermann_robot/install/ackermann_gazebo', 'merge_install': False, 'path': '/home/karthik/Ros2_ackermann_robot/src/ackermann_gazebo', 'symlink_install': False, 'test_result_base': None}
[0.938s] INFO:colcon.colcon_core.executor:Executing jobs using 'parallel' executor
[0.941s] DEBUG:colcon.colcon_parallel_executor.executor.parallel:run_until_complete
[0.942s] INFO:colcon.colcon_ros.task.ament_cmake.build:Building ROS package in '/home/karthik/Ros2_ackermann_robot/src/ackermann_gazebo' with build type 'ament_cmake'
[0.942s] INFO:colcon.colcon_cmake.task.cmake.build:Building CMake package in '/home/karthik/Ros2_ackermann_robot/src/ackermann_gazebo'
[0.950s] INFO:colcon.colcon_core.plugin_system:Skipping extension 'colcon_core.shell.bat': Not used on non-Windows systems
[0.951s] INFO:colcon.colcon_core.shell:Skip shell extension 'powershell' for command environment: Not usable outside of PowerShell
[0.951s] DEBUG:colcon.colcon_core.shell:Skip shell extension 'dsv' for command environment
[0.985s] DEBUG:colcon.colcon_core.event_handler.log_command:Invoking command in '/home/karthik/Ros2_ackermann_robot/build/ackermann_gazebo': CMAKE_PREFIX_PATH=${CMAKE_PREFIX_PATH}:/home/karthik/ros_ws/install/ackermann_teleop:/home/karthik/ros_jazzy_ws/install/mogi_trajectory_server:/home/karthik/ros_jazzy_ws/install/bme_ros2_navigation_py:/opt/ros/jazzy /usr/bin/cmake --build /home/karthik/Ros2_ackermann_robot/build/ackermann_gazebo -- -j16 -l16
[1.435s] DEBUG:colcon.colcon_core.event_handler.log_command:Invoked command in '/home/karthik/Ros2_ackermann_robot/build/ackermann_gazebo' returned '0': CMAKE_PREFIX_PATH=${CMAKE_PREFIX_PATH}:/home/karthik/ros_ws/install/ackermann_teleop:/home/karthik/ros_jazzy_ws/install/mogi_trajectory_server:/home/karthik/ros_jazzy_ws/install/bme_ros2_navigation_py:/opt/ros/jazzy /usr/bin/cmake --build /home/karthik/Ros2_ackermann_robot/build/ackermann_gazebo -- -j16 -l16
[1.473s] DEBUG:colcon.colcon_core.event_handler.log_command:Invoking command in '/home/karthik/Ros2_ackermann_robot/build/ackermann_gazebo': CMAKE_PREFIX_PATH=${CMAKE_PREFIX_PATH}:/home/karthik/ros_ws/install/ackermann_teleop:/home/karthik/ros_jazzy_ws/install/mogi_trajectory_server:/home/karthik/ros_jazzy_ws/install/bme_ros2_navigation_py:/opt/ros/jazzy /usr/bin/cmake --install /home/karthik/Ros2_ackermann_robot/build/ackermann_gazebo
[1.508s] Level 1:colcon.colcon_core.environment:create_environment_scripts_only(ackermann_gazebo)
[1.510s] DEBUG:colcon.colcon_core.event_handler.log_command:Invoked command in '/home/karthik/Ros2_ackermann_robot/build/ackermann_gazebo' returned '0': CMAKE_PREFIX_PATH=${CMAKE_PREFIX_PATH}:/home/karthik/ros_ws/install/ackermann_teleop:/home/karthik/ros_jazzy_ws/install/mogi_trajectory_server:/home/karthik/ros_jazzy_ws/install/bme_ros2_navigation_py:/opt/ros/jazzy /usr/bin/cmake --install /home/karthik/Ros2_ackermann_robot/build/ackermann_gazebo
[1.514s] Level 1:colcon.colcon_core.environment:checking '/home/karthik/Ros2_ackermann_robot/install/ackermann_gazebo' for CMake module files
[1.515s] Level 1:colcon.colcon_core.environment:checking '/home/karthik/Ros2_ackermann_robot/install/ackermann_gazebo' for CMake config files
[1.516s] Level 1:colcon.colcon_core.shell:create_environment_hook('ackermann_gazebo', 'cmake_prefix_path')
[1.516s] INFO:colcon.colcon_core.shell:Creating environment hook '/home/karthik/Ros2_ackermann_robot/install/ackermann_gazebo/share/ackermann_gazebo/hook/cmake_prefix_path.ps1'
[1.517s] INFO:colcon.colcon_core.shell:Creating environment descriptor '/home/karthik/Ros2_ackermann_robot/install/ackermann_gazebo/share/ackermann_gazebo/hook/cmake_prefix_path.dsv'
[1.518s] INFO:colcon.colcon_core.shell:Creating environment hook '/home/karthik/Ros2_ackermann_robot/install/ackermann_gazebo/share/ackermann_gazebo/hook/cmake_prefix_path.sh'
[1.520s] Level 1:colcon.colcon_core.environment:checking '/home/karthik/Ros2_ackermann_robot/install/ackermann_gazebo/bin'
[1.521s] Level 1:colcon.colcon_core.environment:checking '/home/karthik/Ros2_ackermann_robot/install/ackermann_gazebo/lib/pkgconfig/ackermann_gazebo.pc'
[1.521s] Level 1:colcon.colcon_core.environment:checking '/home/karthik/Ros2_ackermann_robot/install/ackermann_gazebo/lib/python3.12/site-packages'
[1.522s] Level 1:colcon.colcon_core.environment:checking '/home/karthik/Ros2_ackermann_robot/install/ackermann_gazebo/bin'
[1.522s] INFO:colcon.colcon_core.shell:Creating package script '/home/karthik/Ros2_ackermann_robot/install/ackermann_gazebo/share/ackermann_gazebo/package.ps1'
[1.524s] INFO:colcon.colcon_core.shell:Creating package descriptor '/home/karthik/Ros2_ackermann_robot/install/ackermann_gazebo/share/ackermann_gazebo/package.dsv'
[1.525s] INFO:colcon.colcon_core.shell:Creating package script '/home/karthik/Ros2_ackermann_robot/install/ackermann_gazebo/share/ackermann_gazebo/package.sh'
[1.526s] INFO:colcon.colcon_core.shell:Creating package script '/home/karthik/Ros2_ackermann_robot/install/ackermann_gazebo/share/ackermann_gazebo/package.bash'
[1.527s] INFO:colcon.colcon_core.shell:Creating package script '/home/karthik/Ros2_ackermann_robot/install/ackermann_gazebo/share/ackermann_gazebo/package.zsh'
[1.528s] Level 1:colcon.colcon_core.environment:create_file_with_runtime_dependencies(/home/karthik/Ros2_ackermann_robot/install/ackermann_gazebo/share/colcon-core/packages/ackermann_gazebo)
[1.529s] Level 1:colcon.colcon_core.environment:create_environment_scripts_only(ackermann_gazebo)
[1.530s] Level 1:colcon.colcon_core.environment:checking '/home/karthik/Ros2_ackermann_robot/install/ackermann_gazebo' for CMake module files
[1.530s] Level 1:colcon.colcon_core.environment:checking '/home/karthik/Ros2_ackermann_robot/install/ackermann_gazebo' for CMake config files
[1.531s] Level 1:colcon.colcon_core.shell:create_environment_hook('ackermann_gazebo', 'cmake_prefix_path')
[1.531s] INFO:colcon.colcon_core.shell:Creating environment hook '/home/karthik/Ros2_ackermann_robot/install/ackermann_gazebo/share/ackermann_gazebo/hook/cmake_prefix_path.ps1'
[1.532s] INFO:colcon.colcon_core.shell:Creating environment descriptor '/home/karthik/Ros2_ackermann_robot/install/ackermann_gazebo/share/ackermann_gazebo/hook/cmake_prefix_path.dsv'
[1.532s] INFO:colcon.colcon_core.shell:Creating environment hook '/home/karthik/Ros2_ackermann_robot/install/ackermann_gazebo/share/ackermann_gazebo/hook/cmake_prefix_path.sh'
[1.534s] Level 1:colcon.colcon_core.environment:checking '/home/karthik/Ros2_ackermann_robot/install/ackermann_gazebo/bin'
[1.534s] Level 1:colcon.colcon_core.environment:checking '/home/karthik/Ros2_ackermann_robot/install/ackermann_gazebo/lib/pkgconfig/ackermann_gazebo.pc'
[1.534s] Level 1:colcon.colcon_core.environment:checking '/home/karthik/Ros2_ackermann_robot/install/ackermann_gazebo/lib/python3.12/site-packages'
[1.535s] Level 1:colcon.colcon_core.environment:checking '/home/karthik/Ros2_ackermann_robot/install/ackermann_gazebo/bin'
[1.536s] INFO:colcon.colcon_core.shell:Creating package script '/home/karthik/Ros2_ackermann_robot/install/ackermann_gazebo/share/ackermann_gazebo/package.ps1'
[1.537s] INFO:colcon.colcon_core.shell:Creating package descriptor '/home/karthik/Ros2_ackermann_robot/install/ackermann_gazebo/share/ackermann_gazebo/package.dsv'
[1.538s] INFO:colcon.colcon_core.shell:Creating package script '/home/karthik/Ros2_ackermann_robot/install/ackermann_gazebo/share/ackermann_gazebo/package.sh'
[1.539s] INFO:colcon.colcon_core.shell:Creating package script '/home/karthik/Ros2_ackermann_robot/install/ackermann_gazebo/share/ackermann_gazebo/package.bash'
[1.539s] INFO:colcon.colcon_core.shell:Creating package script '/home/karthik/Ros2_ackermann_robot/install/ackermann_gazebo/share/ackermann_gazebo/package.zsh'
[1.540s] Level 1:colcon.colcon_core.environment:create_file_with_runtime_dependencies(/home/karthik/Ros2_ackermann_robot/install/ackermann_gazebo/share/colcon-core/packages/ackermann_gazebo)
[1.541s] DEBUG:colcon.colcon_parallel_executor.executor.parallel:closing loop
[1.542s] DEBUG:colcon.colcon_parallel_executor.executor.parallel:loop closed
[1.542s] DEBUG:colcon.colcon_parallel_executor.executor.parallel:run_until_complete finished with '0'
[1.542s] DEBUG:colcon.colcon_core.event_reactor:joining thread
[1.675s] INFO:colcon.colcon_core.plugin_system:Skipping extension 'colcon_notification.desktop_notification.notify_send': Could not find 'notify-send'
[1.676s] INFO:colcon.colcon_core.plugin_system:Skipping extension 'colcon_notification.desktop_notification.terminal_notifier': Not used on non-Darwin systems
[1.676s] INFO:colcon.colcon_core.plugin_system:Skipping extension 'colcon_notification.desktop_notification.win32': Not used on non-Windows systems
[1.676s] INFO:colcon.colcon_notification.desktop_notification:Sending desktop notification using 'notify2'
[1.680s] DEBUG:colcon.colcon_notification.desktop_notification.notify2:Failed to initialize notify2: org.freedesktop.DBus.Error.ServiceUnknown: The name org.freedesktop.Notifications was not provided by any .service files
[1.680s] DEBUG:colcon.colcon_core.event_reactor:joined thread
[1.681s] INFO:colcon.colcon_core.shell:Creating prefix script '/home/karthik/Ros2_ackermann_robot/install/local_setup.ps1'
[1.683s] INFO:colcon.colcon_core.shell:Creating prefix util module '/home/karthik/Ros2_ackermann_robot/install/_local_setup_util_ps1.py'
[1.687s] INFO:colcon.colcon_core.shell:Creating prefix chain script '/home/karthik/Ros2_ackermann_robot/install/setup.ps1'
[1.694s] INFO:colcon.colcon_core.shell:Creating prefix script '/home/karthik/Ros2_ackermann_robot/install/local_setup.sh'
[1.696s] INFO:colcon.colcon_core.shell:Creating prefix util module '/home/karthik/Ros2_ackermann_robot/install/_local_setup_util_sh.py'
[1.698s] INFO:colcon.colcon_core.shell:Creating prefix chain script '/home/karthik/Ros2_ackermann_robot/install/setup.sh'
[1.703s] INFO:colcon.colcon_core.shell:Creating prefix script '/home/karthik/Ros2_ackermann_robot/install/local_setup.bash'
[1.705s] INFO:colcon.colcon_core.shell:Creating prefix chain script '/home/karthik/Ros2_ackermann_robot/install/setup.bash'
[1.709s] INFO:colcon.colcon_core.shell:Creating prefix script '/home/karthik/Ros2_ackermann_robot/install/local_setup.zsh'
[1.710s] INFO:colcon.colcon_core.shell:Creating prefix chain script '/home/karthik/Ros2_ackermann_robot/install/setup.zsh'
