[0.016s] Invoking command in '/home/karthik/Ros2_ackermann_robot/build/ackermann_gazebo': CMAKE_PREFIX_PATH=${CMAKE_PREFIX_PATH}:/opt/ros/jazzy /usr/bin/cmake /home/karthik/Ros2_ackermann_robot/src/ackermann_gazebo -DCMAKE_INSTALL_PREFIX=/home/karthik/Ros2_ackermann_robot/install/ackermann_gazebo
[0.034s] -- Found ament_cmake: 2.5.5 (/opt/ros/jazzy/share/ament_cmake/cmake)
[0.313s] -- Found rclcpp: 28.1.16 (/opt/ros/jazzy/share/rclcpp/cmake)
[0.869s] -- Found rosidl_generator_c: 4.6.7 (/opt/ros/jazzy/share/rosidl_generator_c/cmake)
[0.885s] -- Found rosidl_generator_cpp: 4.6.7 (/opt/ros/jazzy/share/rosidl_generator_cpp/cmake)
[0.910s] -- Using all available rosidl_typesupport_c: rosidl_typesupport_fastrtps_c;rosidl_typesupport_introspection_c
[0.934s] -- Using all available rosidl_typesupport_cpp: rosidl_typesupport_fastrtps_cpp;rosidl_typesupport_introspection_cpp
[1.044s] -- Found rmw_implementation_cmake: 7.3.3 (/opt/ros/jazzy/share/rmw_implementation_cmake/cmake)
[1.046s] -- Found rmw_fastrtps_cpp: 8.4.3 (/opt/ros/jazzy/share/rmw_fastrtps_cpp/cmake)
[1.346s] -- Using RMW implementation 'rmw_fastrtps_cpp' as default
[1.575s] -- Found std_msgs: 5.3.6 (/opt/ros/jazzy/share/std_msgs/cmake)
[1.616s] -- Found sensor_msgs: 5.3.6 (/opt/ros/jazzy/share/sensor_msgs/cmake)
[1.712s] -- Found ros_gz_sim: 1.0.18 (/opt/ros/jazzy/share/ros_gz_sim/cmake)
[2.003s] -- Found ros_gz_bridge: 1.0.18 (/opt/ros/jazzy/share/ros_gz_bridge/cmake)
[2.037s] -- Looking for gz-msgs10 -- found version 10.3.2
[2.063s] -- Searching for dependencies of gz-msgs10
[3.733s] -- Looking for gz-utils2 -- found version 2.2.1
[3.733s] -- Searching for dependencies of gz-utils2
[3.740s] -- Looking for gz-math7 -- found version 7.5.2
[3.740s] -- Searching for dependencies of gz-math7
[3.740s] -- Looking for gz-utils2 -- found version 2.2.1
[3.753s] -- Checking for module 'tinyxml2'
[3.789s] --   Found tinyxml2, version 10.0.0
[3.851s] -- Looking for gz-transport13 -- found version 13.5.0
[3.851s] -- Searching for dependencies of gz-transport13
[4.354s] -- Checking for module 'uuid'
[4.378s] --   Found uuid, version 2.39.3
[4.424s] -- Looking for gz-utils2 -- found version 2.2.1
[4.425s] -- Searching for dependencies of gz-utils2
[4.425s] -- Searching for <gz-utils2> component [cli]
[4.427s] -- Looking for gz-utils2-cli -- found version 2.2.1
[4.427s] -- Searching for dependencies of gz-utils2-cli
[4.430s] -- Looking for gz-msgs10 -- found version 10.3.2
[4.750s] -- Found ament_lint_auto: 0.17.4 (/opt/ros/jazzy/share/ament_lint_auto/cmake)
[4.927s] -- Added test 'flake8' to check Python code syntax and style conventions
[4.927s] -- Configured 'flake8' exclude dirs and/or files: 
[4.928s] -- Added test 'lint_cmake' to check CMake code style
[4.929s] -- Added test 'pep257' to check Python code against some of the docstring style conventions in PEP 257
[4.931s] -- Added test 'xmllint' to check XML markup files
[4.934s] -- Configuring done (4.9s)
[5.065s] -- Generating done (0.0s)
[5.072s] -- Build files have been written to: /home/karthik/Ros2_ackermann_robot/build/ackermann_gazebo
[5.090s] Invoked command in '/home/karthik/Ros2_ackermann_robot/build/ackermann_gazebo' returned '0': CMAKE_PREFIX_PATH=${CMAKE_PREFIX_PATH}:/opt/ros/jazzy /usr/bin/cmake /home/karthik/Ros2_ackermann_robot/src/ackermann_gazebo -DCMAKE_INSTALL_PREFIX=/home/karthik/Ros2_ackermann_robot/install/ackermann_gazebo
[5.094s] Invoking command in '/home/karthik/Ros2_ackermann_robot/build/ackermann_gazebo': CMAKE_PREFIX_PATH=${CMAKE_PREFIX_PATH}:/opt/ros/jazzy /usr/bin/cmake --build /home/karthik/Ros2_ackermann_robot/build/ackermann_gazebo -- -j16 -l16
[5.355s] Invoked command in '/home/karthik/Ros2_ackermann_robot/build/ackermann_gazebo' returned '0': CMAKE_PREFIX_PATH=${CMAKE_PREFIX_PATH}:/opt/ros/jazzy /usr/bin/cmake --build /home/karthik/Ros2_ackermann_robot/build/ackermann_gazebo -- -j16 -l16
[5.377s] Invoking command in '/home/karthik/Ros2_ackermann_robot/build/ackermann_gazebo': CMAKE_PREFIX_PATH=${CMAKE_PREFIX_PATH}:/opt/ros/jazzy /usr/bin/cmake --install /home/karthik/Ros2_ackermann_robot/build/ackermann_gazebo
[5.391s] -- Install configuration: ""
[5.392s] -- Up-to-date: /home/karthik/Ros2_ackermann_robot/install/ackermann_gazebo/share/ackermann_gazebo/launch
[5.392s] -- Up-to-date: /home/karthik/Ros2_ackermann_robot/install/ackermann_gazebo/share/ackermann_gazebo/launch/robot.launch.py
[5.392s] -- Up-to-date: /home/karthik/Ros2_ackermann_robot/install/ackermann_gazebo/share/ackermann_gazebo/urdf
[5.393s] -- Up-to-date: /home/karthik/Ros2_ackermann_robot/install/ackermann_gazebo/share/ackermann_gazebo/urdf/gz_ackermann_core.xacro
[5.393s] -- Up-to-date: /home/karthik/Ros2_ackermann_robot/install/ackermann_gazebo/share/ackermann_gazebo/urdf/bot.xacro
[5.394s] -- Up-to-date: /home/karthik/Ros2_ackermann_robot/install/ackermann_gazebo/share/ackermann_gazebo/urdf/bot_sample.xacro
[5.394s] -- Up-to-date: /home/karthik/Ros2_ackermann_robot/install/ackermann_gazebo/share/ackermann_gazebo/urdf/vehicle.urdf.xacro
[5.395s] -- Up-to-date: /home/karthik/Ros2_ackermann_robot/install/ackermann_gazebo/share/ackermann_gazebo/config
[5.395s] -- Up-to-date: /home/karthik/Ros2_ackermann_robot/install/ackermann_gazebo/share/ackermann_gazebo/config/ros_gz_bridge.yaml
[5.395s] -- Up-to-date: /home/karthik/Ros2_ackermann_robot/install/ackermann_gazebo/share/ackermann_gazebo/config/robot_params.yaml
[5.395s] -- Up-to-date: /home/karthik/Ros2_ackermann_robot/install/ackermann_gazebo/share/ament_index/resource_index/package_run_dependencies/ackermann_gazebo
[5.396s] -- Installing: /home/karthik/Ros2_ackermann_robot/install/ackermann_gazebo/share/ament_index/resource_index/parent_prefix_path/ackermann_gazebo
[5.396s] -- Up-to-date: /home/karthik/Ros2_ackermann_robot/install/ackermann_gazebo/share/ackermann_gazebo/environment/ament_prefix_path.sh
[5.396s] -- Up-to-date: /home/karthik/Ros2_ackermann_robot/install/ackermann_gazebo/share/ackermann_gazebo/environment/ament_prefix_path.dsv
[5.396s] -- Up-to-date: /home/karthik/Ros2_ackermann_robot/install/ackermann_gazebo/share/ackermann_gazebo/environment/path.sh
[5.396s] -- Up-to-date: /home/karthik/Ros2_ackermann_robot/install/ackermann_gazebo/share/ackermann_gazebo/environment/path.dsv
[5.397s] -- Up-to-date: /home/karthik/Ros2_ackermann_robot/install/ackermann_gazebo/share/ackermann_gazebo/local_setup.bash
[5.397s] -- Up-to-date: /home/karthik/Ros2_ackermann_robot/install/ackermann_gazebo/share/ackermann_gazebo/local_setup.sh
[5.397s] -- Up-to-date: /home/karthik/Ros2_ackermann_robot/install/ackermann_gazebo/share/ackermann_gazebo/local_setup.zsh
[5.398s] -- Up-to-date: /home/karthik/Ros2_ackermann_robot/install/ackermann_gazebo/share/ackermann_gazebo/local_setup.dsv
[5.398s] -- Installing: /home/karthik/Ros2_ackermann_robot/install/ackermann_gazebo/share/ackermann_gazebo/package.dsv
[5.398s] -- Up-to-date: /home/karthik/Ros2_ackermann_robot/install/ackermann_gazebo/share/ament_index/resource_index/packages/ackermann_gazebo
[5.398s] -- Up-to-date: /home/karthik/Ros2_ackermann_robot/install/ackermann_gazebo/share/ackermann_gazebo/cmake/ackermann_gazeboConfig.cmake
[5.398s] -- Up-to-date: /home/karthik/Ros2_ackermann_robot/install/ackermann_gazebo/share/ackermann_gazebo/cmake/ackermann_gazeboConfig-version.cmake
[5.399s] -- Up-to-date: /home/karthik/Ros2_ackermann_robot/install/ackermann_gazebo/share/ackermann_gazebo/package.xml
[5.400s] Invoked command in '/home/karthik/Ros2_ackermann_robot/build/ackermann_gazebo' returned '0': CMAKE_PREFIX_PATH=${CMAKE_PREFIX_PATH}:/opt/ros/jazzy /usr/bin/cmake --install /home/karthik/Ros2_ackermann_robot/build/ackermann_gazebo
