[0.008s] Invoking command in '/home/karthik/Ros2_ackermann_robot/build/ackermann_gazebo': CMAKE_PREFIX_PATH=${CMAKE_PREFIX_PATH}:/opt/ros/jazzy /usr/bin/cmake /home/karthik/Ros2_ackermann_robot/src/ackermann_gazebo -DAMENT_CMAKE_SYMLINK_INSTALL=1 -DCMAKE_INSTALL_PREFIX=/home/karthik/Ros2_ackermann_robot/install/ackermann_gazebo
[0.228s] -- The C compiler identification is GNU 13.3.0
[1.181s] -- The CXX compiler identification is GNU 13.3.0
[1.534s] -- Detecting C compiler ABI info
[1.711s] -- Detecting C compiler ABI info - done
[1.716s] -- Check for working C compiler: /usr/bin/cc - skipped
[1.718s] -- Detecting C compile features
[1.718s] -- Detecting C compile features - done
[1.819s] -- Detecting CXX compiler ABI info
[1.964s] -- Detecting CXX compiler ABI info - done
[1.970s] -- Check for working CXX compiler: /usr/bin/c++ - skipped
[1.970s] -- Detecting CXX compile features
[1.970s] -- Detecting CXX compile features - done
[1.973s] -- Found ament_cmake: 2.5.5 (/opt/ros/jazzy/share/ament_cmake/cmake)
[2.075s] -- Found Python3: /usr/bin/python3 (found version "3.12.3") found components: Interpreter 
[2.126s] -- Override CMake install command with custom implementation using symlinks instead of copying resources
[2.160s] -- Found rclcpp: 28.1.16 (/opt/ros/jazzy/share/rclcpp/cmake)
[2.277s] -- Found rosidl_generator_c: 4.6.7 (/opt/ros/jazzy/share/rosidl_generator_c/cmake)
[2.288s] -- Found rosidl_generator_cpp: 4.6.7 (/opt/ros/jazzy/share/rosidl_generator_cpp/cmake)
[2.302s] -- Using all available rosidl_typesupport_c: rosidl_typesupport_fastrtps_c;rosidl_typesupport_introspection_c
[2.316s] -- Using all available rosidl_typesupport_cpp: rosidl_typesupport_fastrtps_cpp;rosidl_typesupport_introspection_cpp
[2.376s] -- Found rmw_implementation_cmake: 7.3.3 (/opt/ros/jazzy/share/rmw_implementation_cmake/cmake)
[2.379s] -- Found rmw_fastrtps_cpp: 8.4.3 (/opt/ros/jazzy/share/rmw_fastrtps_cpp/cmake)
[2.440s] -- Found OpenSSL: /usr/lib/x86_64-linux-gnu/libcrypto.so (found version "3.0.13")  
[2.631s] -- Found FastRTPS: /opt/ros/jazzy/include (Required is at least version "2.13") 
[2.726s] -- Using RMW implementation 'rmw_fastrtps_cpp' as default
[2.883s] -- Found std_msgs: 5.3.6 (/opt/ros/jazzy/share/std_msgs/cmake)
[2.893s] -- Found sensor_msgs: 5.3.6 (/opt/ros/jazzy/share/sensor_msgs/cmake)
[2.924s] -- Found ros_gz_sim: 1.0.18 (/opt/ros/jazzy/share/ros_gz_sim/cmake)
[3.036s] -- Found ros_gz_bridge: 1.0.18 (/opt/ros/jazzy/share/ros_gz_bridge/cmake)
[3.053s] -- Looking for gz-msgs10 -- found version 10.3.2
[3.058s] -- Searching for dependencies of gz-msgs10
[4.573s] -- Found ZLIB: /usr/lib/x86_64-linux-gnu/libz.so (found version "1.3")  
[5.198s] -- Performing Test CMAKE_HAVE_LIBC_PTHREAD
[5.514s] -- Performing Test CMAKE_HAVE_LIBC_PTHREAD - Success
[5.515s] -- Found Threads: TRUE  
[6.413s] -- Looking for gz-utils2 -- found version 2.2.1
[6.413s] -- Searching for dependencies of gz-utils2
[6.414s] -- Looking for gz-math7 -- found version 7.5.2
[6.414s] -- Searching for dependencies of gz-math7
[6.415s] -- Looking for gz-utils2 -- found version 2.2.1
[6.419s] -- Checking for module 'tinyxml2'
[6.428s] --   Found tinyxml2, version 10.0.0
[6.455s] -- Looking for gz-transport13 -- found version 13.5.0
[6.455s] -- Searching for dependencies of gz-transport13
[7.234s] -- Checking for module 'uuid'
[7.244s] --   Found uuid, version 2.39.3
[7.265s] -- Found UUID: TRUE  
[7.265s] -- Looking for gz-utils2 -- found version 2.2.1
[7.265s] -- Searching for dependencies of gz-utils2
[7.266s] -- Searching for <gz-utils2> component [cli]
[7.267s] -- Looking for gz-utils2-cli -- found version 2.2.1
[7.267s] -- Searching for dependencies of gz-utils2-cli
[7.268s] -- Looking for gz-msgs10 -- found version 10.3.2
[7.386s] -- Found ament_lint_auto: 0.17.4 (/opt/ros/jazzy/share/ament_lint_auto/cmake)
[7.473s] -- Added test 'flake8' to check Python code syntax and style conventions
[7.473s] -- Configured 'flake8' exclude dirs and/or files: 
[7.474s] -- Added test 'lint_cmake' to check CMake code style
[7.475s] -- Added test 'pep257' to check Python code against some of the docstring style conventions in PEP 257
[7.477s] -- Added test 'xmllint' to check XML markup files
[7.478s] -- Configuring done (7.5s)
[7.608s] -- Generating done (0.0s)
[7.610s] -- Build files have been written to: /home/karthik/Ros2_ackermann_robot/build/ackermann_gazebo
[7.619s] Invoked command in '/home/karthik/Ros2_ackermann_robot/build/ackermann_gazebo' returned '0': CMAKE_PREFIX_PATH=${CMAKE_PREFIX_PATH}:/opt/ros/jazzy /usr/bin/cmake /home/karthik/Ros2_ackermann_robot/src/ackermann_gazebo -DAMENT_CMAKE_SYMLINK_INSTALL=1 -DCMAKE_INSTALL_PREFIX=/home/karthik/Ros2_ackermann_robot/install/ackermann_gazebo
[7.620s] Invoking command in '/home/karthik/Ros2_ackermann_robot/build/ackermann_gazebo': CMAKE_PREFIX_PATH=${CMAKE_PREFIX_PATH}:/opt/ros/jazzy /usr/bin/cmake --build /home/karthik/Ros2_ackermann_robot/build/ackermann_gazebo -- -j16 -l16
[7.788s] Invoked command in '/home/karthik/Ros2_ackermann_robot/build/ackermann_gazebo' returned '0': CMAKE_PREFIX_PATH=${CMAKE_PREFIX_PATH}:/opt/ros/jazzy /usr/bin/cmake --build /home/karthik/Ros2_ackermann_robot/build/ackermann_gazebo -- -j16 -l16
[7.794s] Invoking command in '/home/karthik/Ros2_ackermann_robot/build/ackermann_gazebo': CMAKE_PREFIX_PATH=${CMAKE_PREFIX_PATH}:/opt/ros/jazzy /usr/bin/cmake --install /home/karthik/Ros2_ackermann_robot/build/ackermann_gazebo
[7.800s] -- Install configuration: ""
[7.800s] -- Execute custom install script
[7.801s] -- Symlinking: /home/karthik/Ros2_ackermann_robot/install/ackermann_gazebo/share/ackermann_gazebo/launch/navigation.launch.py
[7.807s] -- Symlinking: /home/karthik/Ros2_ackermann_robot/install/ackermann_gazebo/share/ackermann_gazebo/launch/robot.launch.py
[7.813s] -- Symlinking: /home/karthik/Ros2_ackermann_robot/install/ackermann_gazebo/share/ackermann_gazebo/urdf/bot.xacro
[7.819s] -- Symlinking: /home/karthik/Ros2_ackermann_robot/install/ackermann_gazebo/share/ackermann_gazebo/urdf/bot_sample.xacro
[7.826s] -- Symlinking: /home/karthik/Ros2_ackermann_robot/install/ackermann_gazebo/share/ackermann_gazebo/urdf/gz_ackermann_core.xacro
[7.833s] -- Symlinking: /home/karthik/Ros2_ackermann_robot/install/ackermann_gazebo/share/ackermann_gazebo/urdf/vehicle.urdf.xacro
[7.840s] -- Symlinking: /home/karthik/Ros2_ackermann_robot/install/ackermann_gazebo/share/ackermann_gazebo/config/gz_ros2_control.yaml
[7.847s] -- Symlinking: /home/karthik/Ros2_ackermann_robot/install/ackermann_gazebo/share/ackermann_gazebo/config/mapper_params_online_async.yaml
[7.853s] -- Symlinking: /home/karthik/Ros2_ackermann_robot/install/ackermann_gazebo/share/ackermann_gazebo/config/nav2_params.yaml
[7.859s] -- Symlinking: /home/karthik/Ros2_ackermann_robot/install/ackermann_gazebo/share/ackermann_gazebo/config/robot_params.yaml
[7.865s] -- Symlinking: /home/karthik/Ros2_ackermann_robot/install/ackermann_gazebo/share/ackermann_gazebo/config/ros_gz_bridge.yaml
[7.871s] -- Symlinking: /home/karthik/Ros2_ackermann_robot/install/ackermann_gazebo/share/ackermann_gazebo/worlds/lab.sdf
[7.879s] -- Symlinking: /home/karthik/Ros2_ackermann_robot/install/ackermann_gazebo/share/ament_index/resource_index/package_run_dependencies/ackermann_gazebo
[7.885s] -- Symlinking: /home/karthik/Ros2_ackermann_robot/install/ackermann_gazebo/share/ament_index/resource_index/parent_prefix_path/ackermann_gazebo
[7.891s] -- Symlinking: /home/karthik/Ros2_ackermann_robot/install/ackermann_gazebo/share/ackermann_gazebo/environment/ament_prefix_path.sh
[7.899s] -- Symlinking: /home/karthik/Ros2_ackermann_robot/install/ackermann_gazebo/share/ackermann_gazebo/environment/ament_prefix_path.dsv
[7.905s] -- Symlinking: /home/karthik/Ros2_ackermann_robot/install/ackermann_gazebo/share/ackermann_gazebo/environment/path.sh
[7.911s] -- Symlinking: /home/karthik/Ros2_ackermann_robot/install/ackermann_gazebo/share/ackermann_gazebo/environment/path.dsv
[7.917s] -- Symlinking: /home/karthik/Ros2_ackermann_robot/install/ackermann_gazebo/share/ackermann_gazebo/local_setup.bash
[7.924s] -- Symlinking: /home/karthik/Ros2_ackermann_robot/install/ackermann_gazebo/share/ackermann_gazebo/local_setup.sh
[7.930s] -- Symlinking: /home/karthik/Ros2_ackermann_robot/install/ackermann_gazebo/share/ackermann_gazebo/local_setup.zsh
[7.937s] -- Symlinking: /home/karthik/Ros2_ackermann_robot/install/ackermann_gazebo/share/ackermann_gazebo/local_setup.dsv
[7.944s] -- Symlinking: /home/karthik/Ros2_ackermann_robot/install/ackermann_gazebo/share/ackermann_gazebo/package.dsv
[7.951s] -- Symlinking: /home/karthik/Ros2_ackermann_robot/install/ackermann_gazebo/share/ament_index/resource_index/packages/ackermann_gazebo
[7.958s] -- Symlinking: /home/karthik/Ros2_ackermann_robot/install/ackermann_gazebo/share/ackermann_gazebo/cmake/ackermann_gazeboConfig.cmake
[7.965s] -- Symlinking: /home/karthik/Ros2_ackermann_robot/install/ackermann_gazebo/share/ackermann_gazebo/cmake/ackermann_gazeboConfig-version.cmake
[7.972s] -- Symlinking: /home/karthik/Ros2_ackermann_robot/install/ackermann_gazebo/share/ackermann_gazebo/package.xml
[7.980s] Invoked command in '/home/karthik/Ros2_ackermann_robot/build/ackermann_gazebo' returned '0': CMAKE_PREFIX_PATH=${CMAKE_PREFIX_PATH}:/opt/ros/jazzy /usr/bin/cmake --install /home/karthik/Ros2_ackermann_robot/build/ackermann_gazebo
