-- Found ament_cmake: 2.5.5 (/opt/ros/jazzy/share/ament_cmake/cmake)
-- Override CMake install command with custom implementation using symlinks instead of copying resources
-- Found rclcpp: 28.1.16 (/opt/ros/jazzy/share/rclcpp/cmake)
-- Found rosidl_generator_c: 4.6.7 (/opt/ros/jazzy/share/rosidl_generator_c/cmake)
-- Found rosidl_generator_cpp: 4.6.7 (/opt/ros/jazzy/share/rosidl_generator_cpp/cmake)
-- Using all available rosidl_typesupport_c: rosidl_typesupport_fastrtps_c;rosidl_typesupport_introspection_c
-- Using all available rosidl_typesupport_cpp: rosidl_typesupport_fastrtps_cpp;rosidl_typesupport_introspection_cpp
-- Found rmw_implementation_cmake: 7.3.3 (/opt/ros/jazzy/share/rmw_implementation_cmake/cmake)
-- Found rmw_fastrtps_cpp: 8.4.3 (/opt/ros/jazzy/share/rmw_fastrtps_cpp/cmake)
-- Using RMW implementation 'rmw_fastrtps_cpp' as default
-- Found std_msgs: 5.3.6 (/opt/ros/jazzy/share/std_msgs/cmake)
-- Found sensor_msgs: 5.3.6 (/opt/ros/jazzy/share/sensor_msgs/cmake)
-- Found ros_gz_sim: 1.0.18 (/opt/ros/jazzy/share/ros_gz_sim/cmake)
-- Found ros_gz_bridge: 1.0.18 (/opt/ros/jazzy/share/ros_gz_bridge/cmake)
-- Looking for gz-msgs10 -- found version 10.3.2
-- Searching for dependencies of gz-msgs10
-- Looking for gz-utils2 -- found version 2.2.1
-- Searching for dependencies of gz-utils2
-- Looking for gz-math7 -- found version 7.5.2
-- Searching for dependencies of gz-math7
-- Looking for gz-utils2 -- found version 2.2.1
-- Checking for module 'tinyxml2'
--   Found tinyxml2, version 10.0.0
-- Looking for gz-transport13 -- found version 13.5.0
-- Searching for dependencies of gz-transport13
-- Checking for module 'uuid'
--   Found uuid, version 2.39.3
-- Looking for gz-utils2 -- found version 2.2.1
-- Searching for dependencies of gz-utils2
-- Searching for <gz-utils2> component [cli]
-- Looking for gz-utils2-cli -- found version 2.2.1
-- Searching for dependencies of gz-utils2-cli
-- Looking for gz-msgs10 -- found version 10.3.2
-- Found ament_lint_auto: 0.17.4 (/opt/ros/jazzy/share/ament_lint_auto/cmake)
-- Added test 'flake8' to check Python code syntax and style conventions
-- Configured 'flake8' exclude dirs and/or files: 
-- Added test 'lint_cmake' to check CMake code style
-- Added test 'pep257' to check Python code against some of the docstring style conventions in PEP 257
-- Added test 'xmllint' to check XML markup files
-- Configuring done (4.5s)
-- Generating done (0.0s)
-- Build files have been written to: /home/karthik/Ros2_ackermann_robot/build/ackermann_gazebo
-- Install configuration: ""
-- Execute custom install script
-- Up-to-date symlink: /home/karthik/Ros2_ackermann_robot/install/ackermann_gazebo/share/ackermann_gazebo/launch/robot.launch.py
-- Up-to-date symlink: /home/karthik/Ros2_ackermann_robot/install/ackermann_gazebo/share/ackermann_gazebo/urdf/bot.xacro
-- Up-to-date symlink: /home/karthik/Ros2_ackermann_robot/install/ackermann_gazebo/share/ackermann_gazebo/urdf/bot_sample.xacro
-- Up-to-date symlink: /home/karthik/Ros2_ackermann_robot/install/ackermann_gazebo/share/ackermann_gazebo/urdf/gz_ackermann_core.xacro
-- Up-to-date symlink: /home/karthik/Ros2_ackermann_robot/install/ackermann_gazebo/share/ackermann_gazebo/urdf/vehicle.urdf.xacro
-- Up-to-date symlink: /home/karthik/Ros2_ackermann_robot/install/ackermann_gazebo/share/ackermann_gazebo/config/robot_params.yaml
-- Up-to-date symlink: /home/karthik/Ros2_ackermann_robot/install/ackermann_gazebo/share/ackermann_gazebo/config/ros_gz_bridge.yaml
-- Symlinking: /home/karthik/Ros2_ackermann_robot/install/ackermann_gazebo/share/ackermann_gazebo/worlds/lab.sdf
-- Up-to-date symlink: /home/karthik/Ros2_ackermann_robot/install/ackermann_gazebo/share/ament_index/resource_index/package_run_dependencies/ackermann_gazebo
-- Up-to-date symlink: /home/karthik/Ros2_ackermann_robot/install/ackermann_gazebo/share/ament_index/resource_index/parent_prefix_path/ackermann_gazebo
-- Up-to-date symlink: /home/karthik/Ros2_ackermann_robot/install/ackermann_gazebo/share/ackermann_gazebo/environment/ament_prefix_path.sh
-- Up-to-date symlink: /home/karthik/Ros2_ackermann_robot/install/ackermann_gazebo/share/ackermann_gazebo/environment/ament_prefix_path.dsv
-- Up-to-date symlink: /home/karthik/Ros2_ackermann_robot/install/ackermann_gazebo/share/ackermann_gazebo/environment/path.sh
-- Up-to-date symlink: /home/karthik/Ros2_ackermann_robot/install/ackermann_gazebo/share/ackermann_gazebo/environment/path.dsv
-- Up-to-date symlink: /home/karthik/Ros2_ackermann_robot/install/ackermann_gazebo/share/ackermann_gazebo/local_setup.bash
-- Up-to-date symlink: /home/karthik/Ros2_ackermann_robot/install/ackermann_gazebo/share/ackermann_gazebo/local_setup.sh
-- Up-to-date symlink: /home/karthik/Ros2_ackermann_robot/install/ackermann_gazebo/share/ackermann_gazebo/local_setup.zsh
-- Up-to-date symlink: /home/karthik/Ros2_ackermann_robot/install/ackermann_gazebo/share/ackermann_gazebo/local_setup.dsv
-- Symlinking: /home/karthik/Ros2_ackermann_robot/install/ackermann_gazebo/share/ackermann_gazebo/package.dsv
-- Up-to-date symlink: /home/karthik/Ros2_ackermann_robot/install/ackermann_gazebo/share/ament_index/resource_index/packages/ackermann_gazebo
-- Up-to-date symlink: /home/karthik/Ros2_ackermann_robot/install/ackermann_gazebo/share/ackermann_gazebo/cmake/ackermann_gazeboConfig.cmake
-- Up-to-date symlink: /home/karthik/Ros2_ackermann_robot/install/ackermann_gazebo/share/ackermann_gazebo/cmake/ackermann_gazeboConfig-version.cmake
-- Up-to-date symlink: /home/karthik/Ros2_ackermann_robot/install/ackermann_gazebo/share/ackermann_gazebo/package.xml
