[0.684s] Invoking command in '/home/karthik/Ros2_ackermann_robot/build/ackermann_teleop': PYTHONPATH=/home/karthik/Ros2_ackermann_robot/build/ackermann_teleop/prefix_override:/usr/lib/python3/dist-packages/colcon_core/task/python/colcon_distutils_commands:/home/karthik/Ros2_ackermann_robot/install/ackermann_teleop/lib/python3.12/site-packages:${PYTHONPATH} /usr/bin/python3 -W ignore:setup.py install is deprecated -W ignore:easy_install command is deprecated setup.py develop --editable --build-directory /home/karthik/Ros2_ackermann_robot/build/ackermann_teleop/build --no-deps symlink_data
[0.894s] running develop
[1.012s] running egg_info
[1.013s] creating ackermann_teleop.egg-info
[1.025s] writing ackermann_teleop.egg-info/PKG-INFO
[1.025s] writing dependency_links to ackermann_teleop.egg-info/dependency_links.txt
[1.025s] writing entry points to ackermann_teleop.egg-info/entry_points.txt
[1.025s] writing requirements to ackermann_teleop.egg-info/requires.txt
[1.025s] writing top-level names to ackermann_teleop.egg-info/top_level.txt
[1.025s] writing manifest file 'ackermann_teleop.egg-info/SOURCES.txt'
[1.050s] reading manifest file 'ackermann_teleop.egg-info/SOURCES.txt'
[1.050s] writing manifest file 'ackermann_teleop.egg-info/SOURCES.txt'
[1.064s] running build_ext
[1.065s] Creating /home/karthik/Ros2_ackermann_robot/install/ackermann_teleop/lib/python3.12/site-packages/ackermann-teleop.egg-link (link to .)
[1.065s] Installing keyboard_teleop script to /home/karthik/Ros2_ackermann_robot/install/ackermann_teleop/lib/ackermann_teleop
[1.066s] 
[1.066s] Installed /home/karthik/Ros2_ackermann_robot/build/ackermann_teleop
[1.066s] running symlink_data
[1.066s] creating /home/karthik/Ros2_ackermann_robot/install/ackermann_teleop/share/ament_index
[1.066s] creating /home/karthik/Ros2_ackermann_robot/install/ackermann_teleop/share/ament_index/resource_index
[1.066s] creating /home/karthik/Ros2_ackermann_robot/install/ackermann_teleop/share/ament_index/resource_index/packages
[1.066s] symbolically linking /home/karthik/Ros2_ackermann_robot/build/ackermann_teleop/resource/ackermann_teleop -> /home/karthik/Ros2_ackermann_robot/install/ackermann_teleop/share/ament_index/resource_index/packages
[1.067s] symbolically linking /home/karthik/Ros2_ackermann_robot/build/ackermann_teleop/package.xml -> /home/karthik/Ros2_ackermann_robot/install/ackermann_teleop/share/ackermann_teleop
[1.090s] Invoked command in '/home/karthik/Ros2_ackermann_robot/build/ackermann_teleop' returned '0': PYTHONPATH=/home/karthik/Ros2_ackermann_robot/build/ackermann_teleop/prefix_override:/usr/lib/python3/dist-packages/colcon_core/task/python/colcon_distutils_commands:/home/karthik/Ros2_ackermann_robot/install/ackermann_teleop/lib/python3.12/site-packages:${PYTHONPATH} /usr/bin/python3 -W ignore:setup.py install is deprecated -W ignore:easy_install command is deprecated setup.py develop --editable --build-directory /home/karthik/Ros2_ackermann_robot/build/ackermann_teleop/build --no-deps symlink_data
