[0.017s] Invoking command in '/home/karthik/Ros2_ackermann_robot/build/ackermann_gazebo': CMAKE_PREFIX_PATH=${CMAKE_PREFIX_PATH}:/opt/ros/jazzy /usr/bin/cmake /home/karthik/Ros2_ackermann_robot/src/ackermann_gazebo -DAMENT_CMAKE_SYMLINK_INSTALL=1 -DCMAKE_INSTALL_PREFIX=/home/karthik/Ros2_ackermann_robot/install/ackermann_gazebo
[0.067s] -- Found ament_cmake: 2.5.5 (/opt/ros/jazzy/share/ament_cmake/cmake)
[0.374s] -- Override CMake install command with custom implementation using symlinks instead of copying resources
[0.391s] -- Found rclcpp: 28.1.16 (/opt/ros/jazzy/share/rclcpp/cmake)
[0.644s] -- Found rosidl_generator_c: 4.6.7 (/opt/ros/jazzy/share/rosidl_generator_c/cmake)
[0.656s] -- Found rosidl_generator_cpp: 4.6.7 (/opt/ros/jazzy/share/rosidl_generator_cpp/cmake)
[0.673s] -- Using all available rosidl_typesupport_c: rosidl_typesupport_fastrtps_c;rosidl_typesupport_introspection_c
[0.696s] -- Using all available rosidl_typesupport_cpp: rosidl_typesupport_fastrtps_cpp;rosidl_typesupport_introspection_cpp
[0.799s] -- Found rmw_implementation_cmake: 7.3.3 (/opt/ros/jazzy/share/rmw_implementation_cmake/cmake)
[0.801s] -- Found rmw_fastrtps_cpp: 8.4.3 (/opt/ros/jazzy/share/rmw_fastrtps_cpp/cmake)
[1.214s] -- Using RMW implementation 'rmw_fastrtps_cpp' as default
[1.653s] -- Found std_msgs: 5.3.6 (/opt/ros/jazzy/share/std_msgs/cmake)
[1.677s] -- Found sensor_msgs: 5.3.6 (/opt/ros/jazzy/share/sensor_msgs/cmake)
[1.745s] -- Found ros_gz_sim: 1.0.18 (/opt/ros/jazzy/share/ros_gz_sim/cmake)
[1.927s] -- Found ros_gz_bridge: 1.0.18 (/opt/ros/jazzy/share/ros_gz_bridge/cmake)
[1.940s] -- Looking for gz-msgs10 -- found version 10.3.2
[1.949s] -- Searching for dependencies of gz-msgs10
[3.710s] -- Looking for gz-utils2 -- found version 2.2.1
[3.710s] -- Searching for dependencies of gz-utils2
[3.712s] -- Looking for gz-math7 -- found version 7.5.2
[3.712s] -- Searching for dependencies of gz-math7
[3.713s] -- Looking for gz-utils2 -- found version 2.2.1
[3.721s] -- Checking for module 'tinyxml2'
[3.739s] --   Found tinyxml2, version 10.0.0
[3.781s] -- Looking for gz-transport13 -- found version 13.5.0
[3.782s] -- Searching for dependencies of gz-transport13
[4.128s] -- Checking for module 'uuid'
[4.145s] --   Found uuid, version 2.39.3
[4.188s] -- Looking for gz-utils2 -- found version 2.2.1
[4.188s] -- Searching for dependencies of gz-utils2
[4.188s] -- Searching for <gz-utils2> component [cli]
[4.189s] -- Looking for gz-utils2-cli -- found version 2.2.1
[4.190s] -- Searching for dependencies of gz-utils2-cli
[4.191s] -- Looking for gz-msgs10 -- found version 10.3.2
[4.403s] -- Found ament_lint_auto: 0.17.4 (/opt/ros/jazzy/share/ament_lint_auto/cmake)
[4.558s] -- Added test 'flake8' to check Python code syntax and style conventions
[4.558s] -- Configured 'flake8' exclude dirs and/or files: 
[4.558s] -- Added test 'lint_cmake' to check CMake code style
[4.559s] -- Added test 'pep257' to check Python code against some of the docstring style conventions in PEP 257
[4.560s] -- Added test 'xmllint' to check XML markup files
[4.562s] -- Configuring done (4.5s)
[4.673s] -- Generating done (0.0s)
[4.680s] -- Build files have been written to: /home/karthik/Ros2_ackermann_robot/build/ackermann_gazebo
[4.699s] Invoked command in '/home/karthik/Ros2_ackermann_robot/build/ackermann_gazebo' returned '0': CMAKE_PREFIX_PATH=${CMAKE_PREFIX_PATH}:/opt/ros/jazzy /usr/bin/cmake /home/karthik/Ros2_ackermann_robot/src/ackermann_gazebo -DAMENT_CMAKE_SYMLINK_INSTALL=1 -DCMAKE_INSTALL_PREFIX=/home/karthik/Ros2_ackermann_robot/install/ackermann_gazebo
[4.701s] Invoking command in '/home/karthik/Ros2_ackermann_robot/build/ackermann_gazebo': CMAKE_PREFIX_PATH=${CMAKE_PREFIX_PATH}:/opt/ros/jazzy /usr/bin/cmake --build /home/karthik/Ros2_ackermann_robot/build/ackermann_gazebo -- -j16 -l16
[4.834s] Invoked command in '/home/karthik/Ros2_ackermann_robot/build/ackermann_gazebo' returned '0': CMAKE_PREFIX_PATH=${CMAKE_PREFIX_PATH}:/opt/ros/jazzy /usr/bin/cmake --build /home/karthik/Ros2_ackermann_robot/build/ackermann_gazebo -- -j16 -l16
[4.847s] Invoking command in '/home/karthik/Ros2_ackermann_robot/build/ackermann_gazebo': CMAKE_PREFIX_PATH=${CMAKE_PREFIX_PATH}:/opt/ros/jazzy /usr/bin/cmake --install /home/karthik/Ros2_ackermann_robot/build/ackermann_gazebo
[4.857s] -- Install configuration: ""
[4.857s] -- Execute custom install script
[4.858s] -- Symlinking: /home/karthik/Ros2_ackermann_robot/install/ackermann_gazebo/share/ackermann_gazebo/launch/robot.launch.py
[4.873s] -- Symlinking: /home/karthik/Ros2_ackermann_robot/install/ackermann_gazebo/share/ackermann_gazebo/urdf/bot.xacro
[4.884s] -- Symlinking: /home/karthik/Ros2_ackermann_robot/install/ackermann_gazebo/share/ackermann_gazebo/urdf/bot_sample.xacro
[4.895s] -- Symlinking: /home/karthik/Ros2_ackermann_robot/install/ackermann_gazebo/share/ackermann_gazebo/urdf/gz_ackermann_core.xacro
[4.907s] -- Symlinking: /home/karthik/Ros2_ackermann_robot/install/ackermann_gazebo/share/ackermann_gazebo/urdf/vehicle.urdf.xacro
[4.920s] -- Symlinking: /home/karthik/Ros2_ackermann_robot/install/ackermann_gazebo/share/ackermann_gazebo/config/robot_params.yaml
[4.932s] -- Symlinking: /home/karthik/Ros2_ackermann_robot/install/ackermann_gazebo/share/ackermann_gazebo/config/ros_gz_bridge.yaml
[4.943s] -- Symlinking: /home/karthik/Ros2_ackermann_robot/install/ackermann_gazebo/share/ament_index/resource_index/package_run_dependencies/ackermann_gazebo
[4.954s] -- Symlinking: /home/karthik/Ros2_ackermann_robot/install/ackermann_gazebo/share/ament_index/resource_index/parent_prefix_path/ackermann_gazebo
[4.965s] -- Symlinking: /home/karthik/Ros2_ackermann_robot/install/ackermann_gazebo/share/ackermann_gazebo/environment/ament_prefix_path.sh
[4.975s] -- Symlinking: /home/karthik/Ros2_ackermann_robot/install/ackermann_gazebo/share/ackermann_gazebo/environment/ament_prefix_path.dsv
[4.987s] -- Symlinking: /home/karthik/Ros2_ackermann_robot/install/ackermann_gazebo/share/ackermann_gazebo/environment/path.sh
[4.998s] -- Symlinking: /home/karthik/Ros2_ackermann_robot/install/ackermann_gazebo/share/ackermann_gazebo/environment/path.dsv
[5.011s] -- Symlinking: /home/karthik/Ros2_ackermann_robot/install/ackermann_gazebo/share/ackermann_gazebo/local_setup.bash
[5.022s] -- Symlinking: /home/karthik/Ros2_ackermann_robot/install/ackermann_gazebo/share/ackermann_gazebo/local_setup.sh
[5.033s] -- Symlinking: /home/karthik/Ros2_ackermann_robot/install/ackermann_gazebo/share/ackermann_gazebo/local_setup.zsh
[5.047s] -- Symlinking: /home/karthik/Ros2_ackermann_robot/install/ackermann_gazebo/share/ackermann_gazebo/local_setup.dsv
[5.058s] -- Symlinking: /home/karthik/Ros2_ackermann_robot/install/ackermann_gazebo/share/ackermann_gazebo/package.dsv
[5.070s] -- Symlinking: /home/karthik/Ros2_ackermann_robot/install/ackermann_gazebo/share/ament_index/resource_index/packages/ackermann_gazebo
[5.081s] -- Symlinking: /home/karthik/Ros2_ackermann_robot/install/ackermann_gazebo/share/ackermann_gazebo/cmake/ackermann_gazeboConfig.cmake
[5.093s] -- Symlinking: /home/karthik/Ros2_ackermann_robot/install/ackermann_gazebo/share/ackermann_gazebo/cmake/ackermann_gazeboConfig-version.cmake
[5.106s] -- Symlinking: /home/karthik/Ros2_ackermann_robot/install/ackermann_gazebo/share/ackermann_gazebo/package.xml
[5.121s] Invoked command in '/home/karthik/Ros2_ackermann_robot/build/ackermann_gazebo' returned '0': CMAKE_PREFIX_PATH=${CMAKE_PREFIX_PATH}:/opt/ros/jazzy /usr/bin/cmake --install /home/karthik/Ros2_ackermann_robot/build/ackermann_gazebo
